Utilisation des paramètres de lancement à partir de C:\DEV\Perso\FootStats\FootStats.Web\Properties\launchSettings.json...
Génération...
info: Microsoft.EntityFrameworkCore.Migrations[20411]
      Acquiring an exclusive lock for migration application. See https://aka.ms/efcore-docs-migrations-lock for more information if this takes too long.
info: Microsoft.EntityFrameworkCore.Database.Command[20101]
      Executed DbCommand (15ms) [Parameters=[], CommandType='Text', CommandTimeout='30']
      SELECT COUNT(*) FROM "sqlite_master" WHERE "name" = '__EFMigrationsLock' AND "type" = 'table';
info: Microsoft.EntityFrameworkCore.Database.Command[20101]
      Executed DbCommand (10ms) [Parameters=[], CommandType='Text', CommandTimeout='30']
      INSERT OR IGNORE INTO "__EFMigrationsLock"("Id", "Timestamp") VALUES(1, '2026-09-18 08:06:07.2611341+00:00');
      SELECT changes();
info: Microsoft.EntityFrameworkCore.Database.Command[20101]
      Executed DbCommand (1ms) [Parameters=[], CommandType='Text', CommandTimeout='30']
      CREATE TABLE IF NOT EXISTS "__EFMigrationsHistory" (
          "MigrationId" TEXT NOT NULL CONSTRAINT "PK___EFMigrationsHistory" PRIMARY KEY,
          "ProductVersion" TEXT NOT NULL
      );
info: Microsoft.EntityFrameworkCore.Database.Command[20101]
      Executed DbCommand (0ms) [Parameters=[], CommandType='Text', CommandTimeout='30']
      SELECT COUNT(*) FROM "sqlite_master" WHERE "name" = '__EFMigrationsHistory' AND "type" = 'table';
info: Microsoft.EntityFrameworkCore.Database.Command[20101]
      Executed DbCommand (2ms) [Parameters=[], CommandType='Text', CommandTimeout='30']
      SELECT "MigrationId", "ProductVersion"
      FROM "__EFMigrationsHistory"
      ORDER BY "MigrationId";
info: Microsoft.EntityFrameworkCore.Migrations[20402]
      Applying migration '20260918075724_AddSuperAdminAndPlayerOwnership'.
warn: Microsoft.EntityFrameworkCore.Migrations[30200]
      An operation of type 'SqlOperation' will be attempted while a rebuild of table 'Players' is pending. The database may not be in an expected state. Review the SQL generated by this migration to help diagnose any failures. Consider moving these operations to a subsequent migration.
warn: Microsoft.EntityFrameworkCore.Migrations[30200]
      An operation of type 'SqlOperation' will be attempted while a rebuild of table 'Players' is pending. The database may not be in an expected state. Review the SQL generated by this migration to help diagnose any failures. Consider moving these operations to a subsequent migration.
warn: Microsoft.EntityFrameworkCore.Migrations[20410]
      The migration operation 'PRAGMA foreign_keys = 0;
      ' from migration 'AddSuperAdminAndPlayerOwnership' cannot be executed in a transaction. If the app is terminated or an unrecoverable error occurs while this operation is being executed then the migration will be left in a partially applied state and would need to be reverted manually before it can be applied again. Create a separate migration that contains just this operation.
info: Microsoft.EntityFrameworkCore.Database.Command[20101]
      Executed DbCommand (1ms) [Parameters=[], CommandType='Text', CommandTimeout='30']
      ALTER TABLE "Players" ADD "OwnerAdminId" INTEGER NULL;
info: Microsoft.EntityFrameworkCore.Database.Command[20101]
      Executed DbCommand (0ms) [Parameters=[], CommandType='Text', CommandTimeout='30']
      CREATE INDEX "IX_Players_OwnerAdminId" ON "Players" ("OwnerAdminId");
info: Microsoft.EntityFrameworkCore.Database.Command[20101]
      Executed DbCommand (0ms) [Parameters=[], CommandType='Text', CommandTimeout='30']
      UPDATE Users SET Role = 2 WHERE Role = 0;
info: Microsoft.EntityFrameworkCore.Database.Command[20101]
      Executed DbCommand (0ms) [Parameters=[], CommandType='Text', CommandTimeout='30']
      UPDATE Players SET OwnerAdminId = (SELECT Id FROM Users WHERE Role = 2 ORDER BY Id LIMIT 1) WHERE OwnerAdminId IS NULL;
info: Microsoft.EntityFrameworkCore.Database.Command[20101]
      Executed DbCommand (0ms) [Parameters=[], CommandType='Text', CommandTimeout='30']
      CREATE TABLE "ef_temp_Players" (
          "Id" INTEGER NOT NULL CONSTRAINT "PK_Players" PRIMARY KEY AUTOINCREMENT,
          "BirthDate" TEXT NOT NULL,
          "FirstName" TEXT NOT NULL,
          "LastName" TEXT NOT NULL,
          "OwnerAdminId" INTEGER NULL,
          "PhotoPath" TEXT NULL,
          "Position" TEXT NOT NULL,
          "PreferredNumber" INTEGER NULL,
          CONSTRAINT "FK_Players_Users_OwnerAdminId" FOREIGN KEY ("OwnerAdminId") REFERENCES "Users" ("Id") ON DELETE RESTRICT
      );
info: Microsoft.EntityFrameworkCore.Database.Command[20101]
      Executed DbCommand (0ms) [Parameters=[], CommandType='Text', CommandTimeout='30']
      INSERT INTO "ef_temp_Players" ("Id", "BirthDate", "FirstName", "LastName", "OwnerAdminId", "PhotoPath", "Position", "PreferredNumber")
      SELECT "Id", "BirthDate", "FirstName", "LastName", "OwnerAdminId", "PhotoPath", "Position", "PreferredNumber"
      FROM "Players";
info: Microsoft.EntityFrameworkCore.Database.Command[20101]
      Executed DbCommand (0ms) [Parameters=[], CommandType='Text', CommandTimeout='30']
      PRAGMA foreign_keys = 0;
info: Microsoft.EntityFrameworkCore.Database.Command[20101]
      Executed DbCommand (0ms) [Parameters=[], CommandType='Text', CommandTimeout='30']
      DROP TABLE "Players";
info: Microsoft.EntityFrameworkCore.Database.Command[20101]
      Executed DbCommand (1ms) [Parameters=[], CommandType='Text', CommandTimeout='30']
      ALTER TABLE "ef_temp_Players" RENAME TO "Players";
info: Microsoft.EntityFrameworkCore.Database.Command[20101]
      Executed DbCommand (0ms) [Parameters=[], CommandType='Text', CommandTimeout='30']
      PRAGMA foreign_keys = 1;
info: Microsoft.EntityFrameworkCore.Database.Command[20101]
      Executed DbCommand (0ms) [Parameters=[], CommandType='Text', CommandTimeout='30']
      CREATE INDEX "IX_Players_OwnerAdminId" ON "Players" ("OwnerAdminId");
info: Microsoft.EntityFrameworkCore.Database.Command[20101]
      Executed DbCommand (2ms) [Parameters=[], CommandType='Text', CommandTimeout='30']
      INSERT INTO "__EFMigrationsHistory" ("MigrationId", "ProductVersion")
      VALUES ('20260918075724_AddSuperAdminAndPlayerOwnership', '9.0.9');
info: Microsoft.EntityFrameworkCore.Migrations[20402]
      Applying migration '20260918080533_AddSportAndEquestrian'.
info: Microsoft.EntityFrameworkCore.Database.Command[20101]
      Executed DbCommand (0ms) [Parameters=[], CommandType='Text', CommandTimeout='30']
      ALTER TABLE "Seasons" ADD "Sport" INTEGER NOT NULL DEFAULT 0;
info: Microsoft.EntityFrameworkCore.Database.Command[20101]
      Executed DbCommand (0ms) [Parameters=[], CommandType='Text', CommandTimeout='30']
      CREATE TABLE "EquestrianCompetitions" (
          "Id" INTEGER NOT NULL CONSTRAINT "PK_EquestrianCompetitions" PRIMARY KEY AUTOINCREMENT,
          "Name" TEXT NULL,
          "City" TEXT NOT NULL,
          "Date" TEXT NOT NULL,
          "SeasonId" INTEGER NOT NULL,
          CONSTRAINT "FK_EquestrianCompetitions_Seasons_SeasonId" FOREIGN KEY ("SeasonId") REFERENCES "Seasons" ("Id") ON DELETE CASCADE
      );
info: Microsoft.EntityFrameworkCore.Database.Command[20101]
      Executed DbCommand (0ms) [Parameters=[], CommandType='Text', CommandTimeout='30']
      CREATE TABLE "EquestrianEntries" (
          "Id" INTEGER NOT NULL CONSTRAINT "PK_EquestrianEntries" PRIMARY KEY AUTOINCREMENT,
          "Discipline" TEXT NOT NULL,
          "Ranking" TEXT NOT NULL,
          "CompetitionId" INTEGER NOT NULL,
          CONSTRAINT "FK_EquestrianEntries_EquestrianCompetitions_CompetitionId" FOREIGN KEY ("CompetitionId") REFERENCES "EquestrianCompetitions" ("Id") ON DELETE CASCADE
      );
info: Microsoft.EntityFrameworkCore.Database.Command[20101]
      Executed DbCommand (0ms) [Parameters=[], CommandType='Text', CommandTimeout='30']
      CREATE INDEX "IX_EquestrianCompetitions_SeasonId" ON "EquestrianCompetitions" ("SeasonId");
info: Microsoft.EntityFrameworkCore.Database.Command[20101]
      Executed DbCommand (0ms) [Parameters=[], CommandType='Text', CommandTimeout='30']
      CREATE INDEX "IX_EquestrianEntries_CompetitionId" ON "EquestrianEntries" ("CompetitionId");
info: Microsoft.EntityFrameworkCore.Database.Command[20101]
      Executed DbCommand (0ms) [Parameters=[], CommandType='Text', CommandTimeout='30']
      INSERT INTO "__EFMigrationsHistory" ("MigrationId", "ProductVersion")
      VALUES ('20260918080533_AddSportAndEquestrian', '9.0.9');
info: Microsoft.EntityFrameworkCore.Database.Command[20101]
      Executed DbCommand (3ms) [Parameters=[], CommandType='Text', CommandTimeout='30']
      DELETE FROM "__EFMigrationsLock";
info: Microsoft.EntityFrameworkCore.Database.Command[20101]
      Executed DbCommand (0ms) [Parameters=[], CommandType='Text', CommandTimeout='30']
      SELECT EXISTS (
          SELECT 1
          FROM "Users" AS "u")
info: Microsoft.Hosting.Lifetime[14]
      Now listening on: http://localhost:5212
info: Microsoft.Hosting.Lifetime[0]
      Application started. Press Ctrl+C to shut down.
info: Microsoft.Hosting.Lifetime[0]
      Hosting environment: Development
info: Microsoft.Hosting.Lifetime[0]
      Content root path: C:\DEV\Perso\FootStats\FootStats.Web
warn: Microsoft.AspNetCore.HttpsPolicy.HttpsRedirectionMiddleware[3]
      Failed to determine the https port for redirect.
info: Microsoft.EntityFrameworkCore.Database.Command[20101]
      Executed DbCommand (4ms) [Parameters=[@__username_0='?' (Size = 5)], CommandType='Text', CommandTimeout='30']
      SELECT "u1"."Id", "u1"."FirstName", "u1"."LastName", "u1"."PasswordHash", "u1"."Role", "u1"."Username", "s"."PlayersId", "s"."UsersId", "s"."Id", "s"."BirthDate", "s"."FirstName", "s"."LastName", "s"."OwnerAdminId", "s"."PhotoPath", "s"."Position", "s"."PreferredNumber"
      FROM (
          SELECT "u"."Id", "u"."FirstName", "u"."LastName", "u"."PasswordHash", "u"."Role", "u"."Username"
          FROM "Users" AS "u"
          WHERE "u"."Username" = @__username_0
          LIMIT 1
      ) AS "u1"
      LEFT JOIN (
          SELECT "u0"."PlayersId", "u0"."UsersId", "p"."Id", "p"."BirthDate", "p"."FirstName", "p"."LastName", "p"."OwnerAdminId", "p"."PhotoPath", "p"."Position", "p"."PreferredNumber"
          FROM "UserPlayers" AS "u0"
          INNER JOIN "Players" AS "p" ON "u0"."PlayersId" = "p"."Id"
      ) AS "s" ON "u1"."Id" = "s"."UsersId"
      ORDER BY "u1"."Id", "s"."PlayersId", "s"."UsersId"
info: Microsoft.EntityFrameworkCore.Database.Command[20101]
      Executed DbCommand (0ms) [Parameters=[], CommandType='Text', CommandTimeout='30']
      SELECT "p"."Id", "p"."BirthDate", "p"."FirstName", "p"."LastName", "p"."OwnerAdminId", "p"."PhotoPath", "p"."Position", "p"."PreferredNumber"
      FROM "Players" AS "p"
      ORDER BY "p"."FirstName"
info: Microsoft.EntityFrameworkCore.Database.Command[20101]
      Executed DbCommand (1ms) [Parameters=[@__visiblePlayerIds_0='?' (Size = 3)], CommandType='Text', CommandTimeout='30']
      SELECT "s"."Id", "s"."Category", "s"."ClubId", "s"."Label", "s"."PlayerId", "s"."Sport", "c"."Id", "c"."LogoPath", "c"."Name", "p"."Id", "p"."BirthDate", "p"."FirstName", "p"."LastName", "p"."OwnerAdminId", "p"."PhotoPath", "p"."Position", "p"."PreferredNumber"
      FROM "Seasons" AS "s"
      INNER JOIN "Clubs" AS "c" ON "s"."ClubId" = "c"."Id"
      INNER JOIN "Players" AS "p" ON "s"."PlayerId" = "p"."Id"
      WHERE "s"."PlayerId" IN (
          SELECT "v"."value"
          FROM json_each(@__visiblePlayerIds_0) AS "v"
      )
      ORDER BY "s"."Label" DESC
info: Microsoft.EntityFrameworkCore.Database.Command[20101]
      Executed DbCommand (0ms) [Parameters=[], CommandType='Text', CommandTimeout='30']
      SELECT "c"."Id", "c"."LogoPath", "c"."Name"
      FROM "Clubs" AS "c"
      ORDER BY "c"."Name"
info: Microsoft.EntityFrameworkCore.Database.Command[20101]
      Executed DbCommand (0ms) [Parameters=[@__visiblePlayerIds_0='?' (Size = 3)], CommandType='Text', CommandTimeout='30']
      SELECT COALESCE(SUM("m"."PlayerGoals"), 0)
      FROM "Matches" AS "m"
      INNER JOIN "Tournaments" AS "t" ON "m"."TournamentId" = "t"."Id"
      INNER JOIN "Seasons" AS "s" ON "t"."SeasonId" = "s"."Id"
      WHERE "s"."PlayerId" IN (
          SELECT "v"."value"
          FROM json_each(@__visiblePlayerIds_0) AS "v"
      )
info: Microsoft.EntityFrameworkCore.Database.Command[20101]
      Executed DbCommand (0ms) [Parameters=[@__username_0='?' (Size = 5)], CommandType='Text', CommandTimeout='30']
      SELECT "u1"."Id", "u1"."FirstName", "u1"."LastName", "u1"."PasswordHash", "u1"."Role", "u1"."Username", "s"."PlayersId", "s"."UsersId", "s"."Id", "s"."BirthDate", "s"."FirstName", "s"."LastName", "s"."OwnerAdminId", "s"."PhotoPath", "s"."Position", "s"."PreferredNumber"
      FROM (
          SELECT "u"."Id", "u"."FirstName", "u"."LastName", "u"."PasswordHash", "u"."Role", "u"."Username"
          FROM "Users" AS "u"
          WHERE "u"."Username" = @__username_0
          LIMIT 1
      ) AS "u1"
      LEFT JOIN (
          SELECT "u0"."PlayersId", "u0"."UsersId", "p"."Id", "p"."BirthDate", "p"."FirstName", "p"."LastName", "p"."OwnerAdminId", "p"."PhotoPath", "p"."Position", "p"."PreferredNumber"
          FROM "UserPlayers" AS "u0"
          INNER JOIN "Players" AS "p" ON "u0"."PlayersId" = "p"."Id"
      ) AS "s" ON "u1"."Id" = "s"."UsersId"
      ORDER BY "u1"."Id", "s"."PlayersId", "s"."UsersId"
info: Microsoft.EntityFrameworkCore.Database.Command[20101]
      Executed DbCommand (0ms) [Parameters=[], CommandType='Text', CommandTimeout='30']
      SELECT "p"."Id", "p"."BirthDate", "p"."FirstName", "p"."LastName", "p"."OwnerAdminId", "p"."PhotoPath", "p"."Position", "p"."PreferredNumber"
      FROM "Players" AS "p"
      ORDER BY "p"."FirstName"
info: Microsoft.EntityFrameworkCore.Database.Command[20101]
      Executed DbCommand (0ms) [Parameters=[@__visiblePlayerIds_0='?' (Size = 3)], CommandType='Text', CommandTimeout='30']
      SELECT "s"."Id", "s"."Category", "s"."ClubId", "s"."Label", "s"."PlayerId", "s"."Sport", "c"."Id", "c"."LogoPath", "c"."Name", "p"."Id", "p"."BirthDate", "p"."FirstName", "p"."LastName", "p"."OwnerAdminId", "p"."PhotoPath", "p"."Position", "p"."PreferredNumber"
      FROM "Seasons" AS "s"
      INNER JOIN "Clubs" AS "c" ON "s"."ClubId" = "c"."Id"
      INNER JOIN "Players" AS "p" ON "s"."PlayerId" = "p"."Id"
      WHERE "s"."PlayerId" IN (
          SELECT "v"."value"
          FROM json_each(@__visiblePlayerIds_0) AS "v"
      )
      ORDER BY "s"."Label" DESC
info: Microsoft.EntityFrameworkCore.Database.Command[20101]
      Executed DbCommand (0ms) [Parameters=[], CommandType='Text', CommandTimeout='30']
      SELECT "c"."Id", "c"."LogoPath", "c"."Name"
      FROM "Clubs" AS "c"
      ORDER BY "c"."Name"
info: Microsoft.EntityFrameworkCore.Database.Command[20101]
      Executed DbCommand (0ms) [Parameters=[@__visiblePlayerIds_0='?' (Size = 3)], CommandType='Text', CommandTimeout='30']
      SELECT COALESCE(SUM("m"."PlayerGoals"), 0)
      FROM "Matches" AS "m"
      INNER JOIN "Tournaments" AS "t" ON "m"."TournamentId" = "t"."Id"
      INNER JOIN "Seasons" AS "s" ON "t"."SeasonId" = "s"."Id"
      WHERE "s"."PlayerId" IN (
          SELECT "v"."value"
          FROM json_each(@__visiblePlayerIds_0) AS "v"
      )
info: Microsoft.EntityFrameworkCore.Database.Command[20101]
      Executed DbCommand (0ms) [Parameters=[@__username_0='?' (Size = 5)], CommandType='Text', CommandTimeout='30']
      SELECT "u1"."Id", "u1"."FirstName", "u1"."LastName", "u1"."PasswordHash", "u1"."Role", "u1"."Username", "s"."PlayersId", "s"."UsersId", "s"."Id", "s"."BirthDate", "s"."FirstName", "s"."LastName", "s"."OwnerAdminId", "s"."PhotoPath", "s"."Position", "s"."PreferredNumber"
      FROM (
          SELECT "u"."Id", "u"."FirstName", "u"."LastName", "u"."PasswordHash", "u"."Role", "u"."Username"
          FROM "Users" AS "u"
          WHERE "u"."Username" = @__username_0
          LIMIT 1
      ) AS "u1"
      LEFT JOIN (
          SELECT "u0"."PlayersId", "u0"."UsersId", "p"."Id", "p"."BirthDate", "p"."FirstName", "p"."LastName", "p"."OwnerAdminId", "p"."PhotoPath", "p"."Position", "p"."PreferredNumber"
          FROM "UserPlayers" AS "u0"
          INNER JOIN "Players" AS "p" ON "u0"."PlayersId" = "p"."Id"
      ) AS "s" ON "u1"."Id" = "s"."UsersId"
      ORDER BY "u1"."Id", "s"."PlayersId", "s"."UsersId"
info: Microsoft.EntityFrameworkCore.Database.Command[20101]
      Executed DbCommand (0ms) [Parameters=[], CommandType='Text', CommandTimeout='30']
      SELECT "u"."Id", "u"."FirstName", "u"."LastName", "u"."PasswordHash", "u"."Role", "u"."Username"
      FROM "Users" AS "u"
      WHERE "u"."Role" = 0
      ORDER BY "u"."FirstName"
info: Microsoft.EntityFrameworkCore.Database.Command[20101]
      Executed DbCommand (0ms) [Parameters=[@__username_0='?' (Size = 5)], CommandType='Text', CommandTimeout='30']
      SELECT "u1"."Id", "u1"."FirstName", "u1"."LastName", "u1"."PasswordHash", "u1"."Role", "u1"."Username", "s"."PlayersId", "s"."UsersId", "s"."Id", "s"."BirthDate", "s"."FirstName", "s"."LastName", "s"."OwnerAdminId", "s"."PhotoPath", "s"."Position", "s"."PreferredNumber"
      FROM (
          SELECT "u"."Id", "u"."FirstName", "u"."LastName", "u"."PasswordHash", "u"."Role", "u"."Username"
          FROM "Users" AS "u"
          WHERE "u"."Username" = @__username_0
          LIMIT 1
      ) AS "u1"
      LEFT JOIN (
          SELECT "u0"."PlayersId", "u0"."UsersId", "p"."Id", "p"."BirthDate", "p"."FirstName", "p"."LastName", "p"."OwnerAdminId", "p"."PhotoPath", "p"."Position", "p"."PreferredNumber"
          FROM "UserPlayers" AS "u0"
          INNER JOIN "Players" AS "p" ON "u0"."PlayersId" = "p"."Id"
      ) AS "s" ON "u1"."Id" = "s"."UsersId"
      ORDER BY "u1"."Id", "s"."PlayersId", "s"."UsersId"
info: Microsoft.EntityFrameworkCore.Database.Command[20101]
      Executed DbCommand (0ms) [Parameters=[], CommandType='Text', CommandTimeout='30']
      SELECT "u"."Id", "u"."FirstName", "u"."LastName", "u"."PasswordHash", "u"."Role", "u"."Username"
      FROM "Users" AS "u"
      WHERE "u"."Role" = 0
      ORDER BY "u"."FirstName"
info: Microsoft.EntityFrameworkCore.Database.Command[20101]
      Executed DbCommand (0ms) [Parameters=[], CommandType='Text', CommandTimeout='30']
      SELECT "p"."OwnerAdminId" AS "AdminId", COUNT(*) AS "Count"
      FROM "Players" AS "p"
      WHERE "p"."OwnerAdminId" IS NOT NULL
      GROUP BY "p"."OwnerAdminId"
info: Microsoft.EntityFrameworkCore.Database.Command[20101]
      Executed DbCommand (0ms) [Parameters=[@__username_0='?' (Size = 5)], CommandType='Text', CommandTimeout='30']
      SELECT "u"."Id", "u"."FirstName", "u"."LastName", "u"."PasswordHash", "u"."Role", "u"."Username"
      FROM "Users" AS "u"
      WHERE "u"."Username" = @__username_0
      LIMIT 1
info: Microsoft.EntityFrameworkCore.Database.Command[20101]
      Executed DbCommand (0ms) [Parameters=[@__username_0='?' (Size = 5)], CommandType='Text', CommandTimeout='30']
      SELECT "u1"."Id", "u1"."FirstName", "u1"."LastName", "u1"."PasswordHash", "u1"."Role", "u1"."Username", "s"."PlayersId", "s"."UsersId", "s"."Id", "s"."BirthDate", "s"."FirstName", "s"."LastName", "s"."OwnerAdminId", "s"."PhotoPath", "s"."Position", "s"."PreferredNumber"
      FROM (
          SELECT "u"."Id", "u"."FirstName", "u"."LastName", "u"."PasswordHash", "u"."Role", "u"."Username"
          FROM "Users" AS "u"
          WHERE "u"."Username" = @__username_0
          LIMIT 1
      ) AS "u1"
      LEFT JOIN (
          SELECT "u0"."PlayersId", "u0"."UsersId", "p"."Id", "p"."BirthDate", "p"."FirstName", "p"."LastName", "p"."OwnerAdminId", "p"."PhotoPath", "p"."Position", "p"."PreferredNumber"
          FROM "UserPlayers" AS "u0"
          INNER JOIN "Players" AS "p" ON "u0"."PlayersId" = "p"."Id"
      ) AS "s" ON "u1"."Id" = "s"."UsersId"
      ORDER BY "u1"."Id", "s"."PlayersId", "s"."UsersId"
info: Microsoft.EntityFrameworkCore.Database.Command[20101]
      Executed DbCommand (0ms) [Parameters=[], CommandType='Text', CommandTimeout='30']
      SELECT "u"."Id", "u"."FirstName", "u"."LastName", "u"."PasswordHash", "u"."Role", "u"."Username"
      FROM "Users" AS "u"
      WHERE "u"."Role" = 0
      ORDER BY "u"."FirstName"
info: Microsoft.EntityFrameworkCore.Database.Command[20101]
      Executed DbCommand (1ms) [Parameters=[@__username_0='?' (Size = 5)], CommandType='Text', CommandTimeout='30']
      SELECT "u1"."Id", "u1"."FirstName", "u1"."LastName", "u1"."PasswordHash", "u1"."Role", "u1"."Username", "s"."PlayersId", "s"."UsersId", "s"."Id", "s"."BirthDate", "s"."FirstName", "s"."LastName", "s"."OwnerAdminId", "s"."PhotoPath", "s"."Position", "s"."PreferredNumber"
      FROM (
          SELECT "u"."Id", "u"."FirstName", "u"."LastName", "u"."PasswordHash", "u"."Role", "u"."Username"
          FROM "Users" AS "u"
          WHERE "u"."Username" = @__username_0
          LIMIT 1
      ) AS "u1"
      LEFT JOIN (
          SELECT "u0"."PlayersId", "u0"."UsersId", "p"."Id", "p"."BirthDate", "p"."FirstName", "p"."LastName", "p"."OwnerAdminId", "p"."PhotoPath", "p"."Position", "p"."PreferredNumber"
          FROM "UserPlayers" AS "u0"
          INNER JOIN "Players" AS "p" ON "u0"."PlayersId" = "p"."Id"
      ) AS "s" ON "u1"."Id" = "s"."UsersId"
      ORDER BY "u1"."Id", "s"."PlayersId", "s"."UsersId"
info: Microsoft.EntityFrameworkCore.Database.Command[20101]
      Executed DbCommand (0ms) [Parameters=[], CommandType='Text', CommandTimeout='30']
      SELECT "u"."Id", "u"."FirstName", "u"."LastName", "u"."PasswordHash", "u"."Role", "u"."Username"
      FROM "Users" AS "u"
      WHERE "u"."Role" = 0
      ORDER BY "u"."FirstName"
info: Microsoft.EntityFrameworkCore.Database.Command[20101]
      Executed DbCommand (0ms) [Parameters=[], CommandType='Text', CommandTimeout='30']
      SELECT "p"."OwnerAdminId" AS "AdminId", COUNT(*) AS "Count"
      FROM "Players" AS "p"
      WHERE "p"."OwnerAdminId" IS NOT NULL
      GROUP BY "p"."OwnerAdminId"
info: Microsoft.EntityFrameworkCore.Database.Command[20101]
      Executed DbCommand (0ms) [Parameters=[@__username_0='?' (Size = 5)], CommandType='Text', CommandTimeout='30']
      SELECT "u"."Id", "u"."FirstName", "u"."LastName", "u"."PasswordHash", "u"."Role", "u"."Username"
      FROM "Users" AS "u"
      WHERE "u"."Username" = @__username_0
      LIMIT 1
info: Microsoft.EntityFrameworkCore.Database.Command[20101]
      Executed DbCommand (0ms) [Parameters=[@__username_0='?' (Size = 5)], CommandType='Text', CommandTimeout='30']
      SELECT "u"."Id", "u"."FirstName", "u"."LastName", "u"."PasswordHash", "u"."Role", "u"."Username"
      FROM "Users" AS "u"
      WHERE "u"."Username" = @__username_0
      LIMIT 1
info: Microsoft.EntityFrameworkCore.Database.Command[20101]
      Executed DbCommand (0ms) [Parameters=[@__username_0='?' (Size = 5)], CommandType='Text', CommandTimeout='30']
      SELECT "u1"."Id", "u1"."FirstName", "u1"."LastName", "u1"."PasswordHash", "u1"."Role", "u1"."Username", "s"."PlayersId", "s"."UsersId", "s"."Id", "s"."BirthDate", "s"."FirstName", "s"."LastName", "s"."OwnerAdminId", "s"."PhotoPath", "s"."Position", "s"."PreferredNumber"
      FROM (
          SELECT "u"."Id", "u"."FirstName", "u"."LastName", "u"."PasswordHash", "u"."Role", "u"."Username"
          FROM "Users" AS "u"
          WHERE "u"."Username" = @__username_0
          LIMIT 1
      ) AS "u1"
      LEFT JOIN (
          SELECT "u0"."PlayersId", "u0"."UsersId", "p"."Id", "p"."BirthDate", "p"."FirstName", "p"."LastName", "p"."OwnerAdminId", "p"."PhotoPath", "p"."Position", "p"."PreferredNumber"
          FROM "UserPlayers" AS "u0"
          INNER JOIN "Players" AS "p" ON "u0"."PlayersId" = "p"."Id"
      ) AS "s" ON "u1"."Id" = "s"."UsersId"
      ORDER BY "u1"."Id", "s"."PlayersId", "s"."UsersId"
info: Microsoft.EntityFrameworkCore.Database.Command[20101]
      Executed DbCommand (0ms) [Parameters=[], CommandType='Text', CommandTimeout='30']
      SELECT "p"."Id", "p"."BirthDate", "p"."FirstName", "p"."LastName", "p"."OwnerAdminId", "p"."PhotoPath", "p"."Position", "p"."PreferredNumber"
      FROM "Players" AS "p"
      ORDER BY "p"."FirstName"
info: Microsoft.EntityFrameworkCore.Database.Command[20101]
      Executed DbCommand (0ms) [Parameters=[@__visiblePlayerIds_0='?' (Size = 3)], CommandType='Text', CommandTimeout='30']
      SELECT "s"."Id", "s"."Category", "s"."ClubId", "s"."Label", "s"."PlayerId", "s"."Sport", "c"."Id", "c"."LogoPath", "c"."Name", "p"."Id", "p"."BirthDate", "p"."FirstName", "p"."LastName", "p"."OwnerAdminId", "p"."PhotoPath", "p"."Position", "p"."PreferredNumber"
      FROM "Seasons" AS "s"
      INNER JOIN "Clubs" AS "c" ON "s"."ClubId" = "c"."Id"
      INNER JOIN "Players" AS "p" ON "s"."PlayerId" = "p"."Id"
      WHERE "s"."PlayerId" IN (
          SELECT "v"."value"
          FROM json_each(@__visiblePlayerIds_0) AS "v"
      )
      ORDER BY "s"."Label" DESC
info: Microsoft.EntityFrameworkCore.Database.Command[20101]
      Executed DbCommand (0ms) [Parameters=[], CommandType='Text', CommandTimeout='30']
      SELECT "c"."Id", "c"."LogoPath", "c"."Name"
      FROM "Clubs" AS "c"
      ORDER BY "c"."Name"
info: Microsoft.EntityFrameworkCore.Database.Command[20101]
      Executed DbCommand (0ms) [Parameters=[@__visiblePlayerIds_0='?' (Size = 3)], CommandType='Text', CommandTimeout='30']
      SELECT COALESCE(SUM("m"."PlayerGoals"), 0)
      FROM "Matches" AS "m"
      INNER JOIN "Tournaments" AS "t" ON "m"."TournamentId" = "t"."Id"
      INNER JOIN "Seasons" AS "s" ON "t"."SeasonId" = "s"."Id"
      WHERE "s"."PlayerId" IN (
          SELECT "v"."value"
          FROM json_each(@__visiblePlayerIds_0) AS "v"
      )
info: Microsoft.EntityFrameworkCore.Database.Command[20101]
      Executed DbCommand (1ms) [Parameters=[@__username_0='?' (Size = 5)], CommandType='Text', CommandTimeout='30']
      SELECT "u1"."Id", "u1"."FirstName", "u1"."LastName", "u1"."PasswordHash", "u1"."Role", "u1"."Username", "s"."PlayersId", "s"."UsersId", "s"."Id", "s"."BirthDate", "s"."FirstName", "s"."LastName", "s"."OwnerAdminId", "s"."PhotoPath", "s"."Position", "s"."PreferredNumber"
      FROM (
          SELECT "u"."Id", "u"."FirstName", "u"."LastName", "u"."PasswordHash", "u"."Role", "u"."Username"
          FROM "Users" AS "u"
          WHERE "u"."Username" = @__username_0
          LIMIT 1
      ) AS "u1"
      LEFT JOIN (
          SELECT "u0"."PlayersId", "u0"."UsersId", "p"."Id", "p"."BirthDate", "p"."FirstName", "p"."LastName", "p"."OwnerAdminId", "p"."PhotoPath", "p"."Position", "p"."PreferredNumber"
          FROM "UserPlayers" AS "u0"
          INNER JOIN "Players" AS "p" ON "u0"."PlayersId" = "p"."Id"
      ) AS "s" ON "u1"."Id" = "s"."UsersId"
      ORDER BY "u1"."Id", "s"."PlayersId", "s"."UsersId"
info: Microsoft.EntityFrameworkCore.Database.Command[20101]
      Executed DbCommand (0ms) [Parameters=[], CommandType='Text', CommandTimeout='30']
      SELECT "p"."Id", "p"."BirthDate", "p"."FirstName", "p"."LastName", "p"."OwnerAdminId", "p"."PhotoPath", "p"."Position", "p"."PreferredNumber"
      FROM "Players" AS "p"
      ORDER BY "p"."FirstName"
info: Microsoft.EntityFrameworkCore.Database.Command[20101]
      Executed DbCommand (0ms) [Parameters=[@__visiblePlayerIds_0='?' (Size = 3)], CommandType='Text', CommandTimeout='30']
      SELECT "s"."Id", "s"."Category", "s"."ClubId", "s"."Label", "s"."PlayerId", "s"."Sport", "c"."Id", "c"."LogoPath", "c"."Name", "p"."Id", "p"."BirthDate", "p"."FirstName", "p"."LastName", "p"."OwnerAdminId", "p"."PhotoPath", "p"."Position", "p"."PreferredNumber"
      FROM "Seasons" AS "s"
      INNER JOIN "Clubs" AS "c" ON "s"."ClubId" = "c"."Id"
      INNER JOIN "Players" AS "p" ON "s"."PlayerId" = "p"."Id"
      WHERE "s"."PlayerId" IN (
          SELECT "v"."value"
          FROM json_each(@__visiblePlayerIds_0) AS "v"
      )
      ORDER BY "s"."Label" DESC
info: Microsoft.EntityFrameworkCore.Database.Command[20101]
      Executed DbCommand (0ms) [Parameters=[], CommandType='Text', CommandTimeout='30']
      SELECT "c"."Id", "c"."LogoPath", "c"."Name"
      FROM "Clubs" AS "c"
      ORDER BY "c"."Name"
info: Microsoft.EntityFrameworkCore.Database.Command[20101]
      Executed DbCommand (0ms) [Parameters=[@__visiblePlayerIds_0='?' (Size = 3)], CommandType='Text', CommandTimeout='30']
      SELECT COALESCE(SUM("m"."PlayerGoals"), 0)
      FROM "Matches" AS "m"
      INNER JOIN "Tournaments" AS "t" ON "m"."TournamentId" = "t"."Id"
      INNER JOIN "Seasons" AS "s" ON "t"."SeasonId" = "s"."Id"
      WHERE "s"."PlayerId" IN (
          SELECT "v"."value"
          FROM json_each(@__visiblePlayerIds_0) AS "v"
      )
info: Microsoft.EntityFrameworkCore.Database.Command[20101]
      Executed DbCommand (0ms) [Parameters=[@__username_0='?' (Size = 5)], CommandType='Text', CommandTimeout='30']
      SELECT "u1"."Id", "u1"."FirstName", "u1"."LastName", "u1"."PasswordHash", "u1"."Role", "u1"."Username", "s"."PlayersId", "s"."UsersId", "s"."Id", "s"."BirthDate", "s"."FirstName", "s"."LastName", "s"."OwnerAdminId", "s"."PhotoPath", "s"."Position", "s"."PreferredNumber"
      FROM (
          SELECT "u"."Id", "u"."FirstName", "u"."LastName", "u"."PasswordHash", "u"."Role", "u"."Username"
          FROM "Users" AS "u"
          WHERE "u"."Username" = @__username_0
          LIMIT 1
      ) AS "u1"
      LEFT JOIN (
          SELECT "u0"."PlayersId", "u0"."UsersId", "p"."Id", "p"."BirthDate", "p"."FirstName", "p"."LastName", "p"."OwnerAdminId", "p"."PhotoPath", "p"."Position", "p"."PreferredNumber"
          FROM "UserPlayers" AS "u0"
          INNER JOIN "Players" AS "p" ON "u0"."PlayersId" = "p"."Id"
      ) AS "s" ON "u1"."Id" = "s"."UsersId"
      ORDER BY "u1"."Id", "s"."PlayersId", "s"."UsersId"
info: Microsoft.EntityFrameworkCore.Database.Command[20101]
      Executed DbCommand (0ms) [Parameters=[], CommandType='Text', CommandTimeout='30']
      SELECT "u"."Id", "u"."FirstName", "u"."LastName", "u"."PasswordHash", "u"."Role", "u"."Username"
      FROM "Users" AS "u"
      WHERE "u"."Role" = 0
      ORDER BY "u"."FirstName"
info: Microsoft.EntityFrameworkCore.Database.Command[20101]
      Executed DbCommand (0ms) [Parameters=[], CommandType='Text', CommandTimeout='30']
      SELECT "u"."Id", "u"."FirstName", "u"."LastName", "u"."PasswordHash", "u"."Role", "u"."Username"
      FROM "Users" AS "u"
      WHERE "u"."Role" = 0
      ORDER BY "u"."FirstName"
info: Microsoft.EntityFrameworkCore.Database.Command[20101]
      Executed DbCommand (0ms) [Parameters=[], CommandType='Text', CommandTimeout='30']
      SELECT "p"."OwnerAdminId" AS "AdminId", COUNT(*) AS "Count"
      FROM "Players" AS "p"
      WHERE "p"."OwnerAdminId" IS NOT NULL
      GROUP BY "p"."OwnerAdminId"
info: Microsoft.EntityFrameworkCore.Database.Command[20101]
      Executed DbCommand (0ms) [Parameters=[@__username_0='?' (Size = 5)], CommandType='Text', CommandTimeout='30']
      SELECT "u1"."Id", "u1"."FirstName", "u1"."LastName", "u1"."PasswordHash", "u1"."Role", "u1"."Username", "s"."PlayersId", "s"."UsersId", "s"."Id", "s"."BirthDate", "s"."FirstName", "s"."LastName", "s"."OwnerAdminId", "s"."PhotoPath", "s"."Position", "s"."PreferredNumber"
      FROM (
          SELECT "u"."Id", "u"."FirstName", "u"."LastName", "u"."PasswordHash", "u"."Role", "u"."Username"
          FROM "Users" AS "u"
          WHERE "u"."Username" = @__username_0
          LIMIT 1
      ) AS "u1"
      LEFT JOIN (
          SELECT "u0"."PlayersId", "u0"."UsersId", "p"."Id", "p"."BirthDate", "p"."FirstName", "p"."LastName", "p"."OwnerAdminId", "p"."PhotoPath", "p"."Position", "p"."PreferredNumber"
          FROM "UserPlayers" AS "u0"
          INNER JOIN "Players" AS "p" ON "u0"."PlayersId" = "p"."Id"
      ) AS "s" ON "u1"."Id" = "s"."UsersId"
      ORDER BY "u1"."Id", "s"."PlayersId", "s"."UsersId"
info: Microsoft.EntityFrameworkCore.Database.Command[20101]
      Executed DbCommand (0ms) [Parameters=[], CommandType='Text', CommandTimeout='30']
      SELECT "p"."Id", "p"."BirthDate", "p"."FirstName", "p"."LastName", "p"."OwnerAdminId", "p"."PhotoPath", "p"."Position", "p"."PreferredNumber"
      FROM "Players" AS "p"
      ORDER BY "p"."FirstName"
info: Microsoft.EntityFrameworkCore.Database.Command[20101]
      Executed DbCommand (0ms) [Parameters=[@__playerIds_0='?' (Size = 3)], CommandType='Text', CommandTimeout='30']
      SELECT "p"."Id", "p"."ClubId", "p"."EndDate", "p"."PlayerId", "p"."StartDate", "c"."Id", "c"."LogoPath", "c"."Name"
      FROM "PlayerClubs" AS "p"
      INNER JOIN "Clubs" AS "c" ON "p"."ClubId" = "c"."Id"
      WHERE "p"."PlayerId" IN (
          SELECT "p0"."value"
          FROM json_each(@__playerIds_0) AS "p0"
      )
info: Microsoft.EntityFrameworkCore.Database.Command[20101]
      Executed DbCommand (0ms) [Parameters=[], CommandType='Text', CommandTimeout='30']
      SELECT "p"."Id", "p"."BirthDate", "p"."FirstName", "p"."LastName", "p"."OwnerAdminId", "p"."PhotoPath", "p"."Position", "p"."PreferredNumber"
      FROM "Players" AS "p"
      ORDER BY "p"."FirstName"
info: Microsoft.EntityFrameworkCore.Database.Command[20101]
      Executed DbCommand (0ms) [Parameters=[@__playerIds_0='?' (Size = 3)], CommandType='Text', CommandTimeout='30']
      SELECT "p"."Id", "p"."ClubId", "p"."EndDate", "p"."PlayerId", "p"."StartDate", "c"."Id", "c"."LogoPath", "c"."Name"
      FROM "PlayerClubs" AS "p"
      INNER JOIN "Clubs" AS "c" ON "p"."ClubId" = "c"."Id"
      WHERE "p"."PlayerId" IN (
          SELECT "p0"."value"
          FROM json_each(@__playerIds_0) AS "p0"
      )
info: Microsoft.EntityFrameworkCore.Database.Command[20101]
      Executed DbCommand (0ms) [Parameters=[@__username_0='?' (Size = 5)], CommandType='Text', CommandTimeout='30']
      SELECT "u1"."Id", "u1"."FirstName", "u1"."LastName", "u1"."PasswordHash", "u1"."Role", "u1"."Username", "s"."PlayersId", "s"."UsersId", "s"."Id", "s"."BirthDate", "s"."FirstName", "s"."LastName", "s"."OwnerAdminId", "s"."PhotoPath", "s"."Position", "s"."PreferredNumber"
      FROM (
          SELECT "u"."Id", "u"."FirstName", "u"."LastName", "u"."PasswordHash", "u"."Role", "u"."Username"
          FROM "Users" AS "u"
          WHERE "u"."Username" = @__username_0
          LIMIT 1
      ) AS "u1"
      LEFT JOIN (
          SELECT "u0"."PlayersId", "u0"."UsersId", "p"."Id", "p"."BirthDate", "p"."FirstName", "p"."LastName", "p"."OwnerAdminId", "p"."PhotoPath", "p"."Position", "p"."PreferredNumber"
          FROM "UserPlayers" AS "u0"
          INNER JOIN "Players" AS "p" ON "u0"."PlayersId" = "p"."Id"
      ) AS "s" ON "u1"."Id" = "s"."UsersId"
      ORDER BY "u1"."Id", "s"."PlayersId", "s"."UsersId"
info: Microsoft.EntityFrameworkCore.Database.Command[20101]
      Executed DbCommand (0ms) [Parameters=[], CommandType='Text', CommandTimeout='30']
      SELECT "p"."Id", "p"."BirthDate", "p"."FirstName", "p"."LastName", "p"."OwnerAdminId", "p"."PhotoPath", "p"."Position", "p"."PreferredNumber"
      FROM "Players" AS "p"
      ORDER BY "p"."FirstName"
info: Microsoft.EntityFrameworkCore.Database.Command[20101]
      Executed DbCommand (0ms) [Parameters=[@__visiblePlayerIds_0='?' (Size = 3)], CommandType='Text', CommandTimeout='30']
      SELECT "s"."Id", "s"."Category", "s"."ClubId", "s"."Label", "s"."PlayerId", "s"."Sport", "c"."Id", "c"."LogoPath", "c"."Name", "p"."Id", "p"."BirthDate", "p"."FirstName", "p"."LastName", "p"."OwnerAdminId", "p"."PhotoPath", "p"."Position", "p"."PreferredNumber"
      FROM "Seasons" AS "s"
      INNER JOIN "Clubs" AS "c" ON "s"."ClubId" = "c"."Id"
      INNER JOIN "Players" AS "p" ON "s"."PlayerId" = "p"."Id"
      WHERE "s"."PlayerId" IN (
          SELECT "v"."value"
          FROM json_each(@__visiblePlayerIds_0) AS "v"
      )
      ORDER BY "s"."Label" DESC
info: Microsoft.EntityFrameworkCore.Database.Command[20101]
      Executed DbCommand (0ms) [Parameters=[], CommandType='Text', CommandTimeout='30']
      SELECT "c"."Id", "c"."LogoPath", "c"."Name"
      FROM "Clubs" AS "c"
      ORDER BY "c"."Name"
info: Microsoft.EntityFrameworkCore.Database.Command[20101]
      Executed DbCommand (0ms) [Parameters=[@__visiblePlayerIds_0='?' (Size = 3)], CommandType='Text', CommandTimeout='30']
      SELECT COALESCE(SUM("m"."PlayerGoals"), 0)
      FROM "Matches" AS "m"
      INNER JOIN "Tournaments" AS "t" ON "m"."TournamentId" = "t"."Id"
      INNER JOIN "Seasons" AS "s" ON "t"."SeasonId" = "s"."Id"
      WHERE "s"."PlayerId" IN (
          SELECT "v"."value"
          FROM json_each(@__visiblePlayerIds_0) AS "v"
      )
info: Microsoft.EntityFrameworkCore.Database.Command[20101]
      Executed DbCommand (0ms) [Parameters=[], CommandType='Text', CommandTimeout='30']
      SELECT "p"."Id", "p"."BirthDate", "p"."FirstName", "p"."LastName", "p"."OwnerAdminId", "p"."PhotoPath", "p"."Position", "p"."PreferredNumber"
      FROM "Players" AS "p"
      ORDER BY "p"."FirstName"
info: Microsoft.EntityFrameworkCore.Database.Command[20101]
      Executed DbCommand (0ms) [Parameters=[@__visiblePlayerIds_0='?' (Size = 3)], CommandType='Text', CommandTimeout='30']
      SELECT "s"."Id", "s"."Category", "s"."ClubId", "s"."Label", "s"."PlayerId", "s"."Sport", "c"."Id", "c"."LogoPath", "c"."Name", "p"."Id", "p"."BirthDate", "p"."FirstName", "p"."LastName", "p"."OwnerAdminId", "p"."PhotoPath", "p"."Position", "p"."PreferredNumber"
      FROM "Seasons" AS "s"
      INNER JOIN "Clubs" AS "c" ON "s"."ClubId" = "c"."Id"
      INNER JOIN "Players" AS "p" ON "s"."PlayerId" = "p"."Id"
      WHERE "s"."PlayerId" IN (
          SELECT "v"."value"
          FROM json_each(@__visiblePlayerIds_0) AS "v"
      )
      ORDER BY "s"."Label" DESC
info: Microsoft.EntityFrameworkCore.Database.Command[20101]
      Executed DbCommand (0ms) [Parameters=[], CommandType='Text', CommandTimeout='30']
      SELECT "c"."Id", "c"."LogoPath", "c"."Name"
      FROM "Clubs" AS "c"
      ORDER BY "c"."Name"
info: Microsoft.EntityFrameworkCore.Database.Command[20101]
      Executed DbCommand (0ms) [Parameters=[@__visiblePlayerIds_0='?' (Size = 3)], CommandType='Text', CommandTimeout='30']
      SELECT COALESCE(SUM("m"."PlayerGoals"), 0)
      FROM "Matches" AS "m"
      INNER JOIN "Tournaments" AS "t" ON "m"."TournamentId" = "t"."Id"
      INNER JOIN "Seasons" AS "s" ON "t"."SeasonId" = "s"."Id"
      WHERE "s"."PlayerId" IN (
          SELECT "v"."value"
          FROM json_each(@__visiblePlayerIds_0) AS "v"
      )
info: Microsoft.EntityFrameworkCore.Database.Command[20101]
      Executed DbCommand (0ms) [Parameters=[@__username_0='?' (Size = 5)], CommandType='Text', CommandTimeout='30']
      SELECT "u1"."Id", "u1"."FirstName", "u1"."LastName", "u1"."PasswordHash", "u1"."Role", "u1"."Username", "s"."PlayersId", "s"."UsersId", "s"."Id", "s"."BirthDate", "s"."FirstName", "s"."LastName", "s"."OwnerAdminId", "s"."PhotoPath", "s"."Position", "s"."PreferredNumber"
      FROM (
          SELECT "u"."Id", "u"."FirstName", "u"."LastName", "u"."PasswordHash", "u"."Role", "u"."Username"
          FROM "Users" AS "u"
          WHERE "u"."Username" = @__username_0
          LIMIT 1
      ) AS "u1"
      LEFT JOIN (
          SELECT "u0"."PlayersId", "u0"."UsersId", "p"."Id", "p"."BirthDate", "p"."FirstName", "p"."LastName", "p"."OwnerAdminId", "p"."PhotoPath", "p"."Position", "p"."PreferredNumber"
          FROM "UserPlayers" AS "u0"
          INNER JOIN "Players" AS "p" ON "u0"."PlayersId" = "p"."Id"
      ) AS "s" ON "u1"."Id" = "s"."UsersId"
      ORDER BY "u1"."Id", "s"."PlayersId", "s"."UsersId"
info: Microsoft.EntityFrameworkCore.Database.Command[20101]
      Executed DbCommand (0ms) [Parameters=[], CommandType='Text', CommandTimeout='30']
      SELECT "u"."Id", "u"."FirstName", "u"."LastName", "u"."PasswordHash", "u"."Role", "u"."Username"
      FROM "Users" AS "u"
      WHERE "u"."Role" = 0
      ORDER BY "u"."FirstName"
info: Microsoft.EntityFrameworkCore.Database.Command[20101]
      Executed DbCommand (0ms) [Parameters=[], CommandType='Text', CommandTimeout='30']
      SELECT "u"."Id", "u"."FirstName", "u"."LastName", "u"."PasswordHash", "u"."Role", "u"."Username"
      FROM "Users" AS "u"
      WHERE "u"."Role" = 0
      ORDER BY "u"."FirstName"
info: Microsoft.EntityFrameworkCore.Database.Command[20101]
      Executed DbCommand (0ms) [Parameters=[], CommandType='Text', CommandTimeout='30']
      SELECT "p"."OwnerAdminId" AS "AdminId", COUNT(*) AS "Count"
      FROM "Players" AS "p"
      WHERE "p"."OwnerAdminId" IS NOT NULL
      GROUP BY "p"."OwnerAdminId"
info: Microsoft.EntityFrameworkCore.Database.Command[20101]
      Executed DbCommand (0ms) [Parameters=[@__username_0='?' (Size = 5)], CommandType='Text', CommandTimeout='30']
      SELECT "u1"."Id", "u1"."FirstName", "u1"."LastName", "u1"."PasswordHash", "u1"."Role", "u1"."Username", "s"."PlayersId", "s"."UsersId", "s"."Id", "s"."BirthDate", "s"."FirstName", "s"."LastName", "s"."OwnerAdminId", "s"."PhotoPath", "s"."Position", "s"."PreferredNumber"
      FROM (
          SELECT "u"."Id", "u"."FirstName", "u"."LastName", "u"."PasswordHash", "u"."Role", "u"."Username"
          FROM "Users" AS "u"
          WHERE "u"."Username" = @__username_0
          LIMIT 1
      ) AS "u1"
      LEFT JOIN (
          SELECT "u0"."PlayersId", "u0"."UsersId", "p"."Id", "p"."BirthDate", "p"."FirstName", "p"."LastName", "p"."OwnerAdminId", "p"."PhotoPath", "p"."Position", "p"."PreferredNumber"
          FROM "UserPlayers" AS "u0"
          INNER JOIN "Players" AS "p" ON "u0"."PlayersId" = "p"."Id"
      ) AS "s" ON "u1"."Id" = "s"."UsersId"
      ORDER BY "u1"."Id", "s"."PlayersId", "s"."UsersId"
info: Microsoft.EntityFrameworkCore.Database.Command[20101]
      Executed DbCommand (0ms) [Parameters=[], CommandType='Text', CommandTimeout='30']
      SELECT "c"."Id", "c"."LogoPath", "c"."Name"
      FROM "Clubs" AS "c"
      ORDER BY "c"."Name"
info: Microsoft.EntityFrameworkCore.Database.Command[20101]
      Executed DbCommand (0ms) [Parameters=[], CommandType='Text', CommandTimeout='30']
      SELECT "p"."ClubId", COUNT(DISTINCT ("p"."PlayerId")) AS "Count"
      FROM "PlayerClubs" AS "p"
      GROUP BY "p"."ClubId"
info: Microsoft.EntityFrameworkCore.Database.Command[20101]
      Executed DbCommand (0ms) [Parameters=[], CommandType='Text', CommandTimeout='30']
      SELECT "c"."Id", "c"."LogoPath", "c"."Name"
      FROM "Clubs" AS "c"
      ORDER BY "c"."Name"
info: Microsoft.EntityFrameworkCore.Database.Command[20101]
      Executed DbCommand (0ms) [Parameters=[], CommandType='Text', CommandTimeout='30']
      SELECT "p"."ClubId", COUNT(DISTINCT ("p"."PlayerId")) AS "Count"
      FROM "PlayerClubs" AS "p"
      GROUP BY "p"."ClubId"
info: Microsoft.EntityFrameworkCore.Database.Command[20101]
      Executed DbCommand (0ms) [Parameters=[@__username_0='?' (Size = 5)], CommandType='Text', CommandTimeout='30']
      SELECT "u1"."Id", "u1"."FirstName", "u1"."LastName", "u1"."PasswordHash", "u1"."Role", "u1"."Username", "s"."PlayersId", "s"."UsersId", "s"."Id", "s"."BirthDate", "s"."FirstName", "s"."LastName", "s"."OwnerAdminId", "s"."PhotoPath", "s"."Position", "s"."PreferredNumber"
      FROM (
          SELECT "u"."Id", "u"."FirstName", "u"."LastName", "u"."PasswordHash", "u"."Role", "u"."Username"
          FROM "Users" AS "u"
          WHERE "u"."Username" = @__username_0
          LIMIT 1
      ) AS "u1"
      LEFT JOIN (
          SELECT "u0"."PlayersId", "u0"."UsersId", "p"."Id", "p"."BirthDate", "p"."FirstName", "p"."LastName", "p"."OwnerAdminId", "p"."PhotoPath", "p"."Position", "p"."PreferredNumber"
          FROM "UserPlayers" AS "u0"
          INNER JOIN "Players" AS "p" ON "u0"."PlayersId" = "p"."Id"
      ) AS "s" ON "u1"."Id" = "s"."UsersId"
      ORDER BY "u1"."Id", "s"."PlayersId", "s"."UsersId"
info: Microsoft.EntityFrameworkCore.Database.Command[20101]
      Executed DbCommand (0ms) [Parameters=[], CommandType='Text', CommandTimeout='30']
      SELECT "p"."Id", "p"."BirthDate", "p"."FirstName", "p"."LastName", "p"."OwnerAdminId", "p"."PhotoPath", "p"."Position", "p"."PreferredNumber"
      FROM "Players" AS "p"
      ORDER BY "p"."FirstName"
info: Microsoft.EntityFrameworkCore.Database.Command[20101]
      Executed DbCommand (0ms) [Parameters=[@__playerIds_0='?' (Size = 3)], CommandType='Text', CommandTimeout='30']
      SELECT "p"."Id", "p"."ClubId", "p"."EndDate", "p"."PlayerId", "p"."StartDate", "c"."Id", "c"."LogoPath", "c"."Name"
      FROM "PlayerClubs" AS "p"
      INNER JOIN "Clubs" AS "c" ON "p"."ClubId" = "c"."Id"
      WHERE "p"."PlayerId" IN (
          SELECT "p0"."value"
          FROM json_each(@__playerIds_0) AS "p0"
      )
info: Microsoft.EntityFrameworkCore.Database.Command[20101]
      Executed DbCommand (0ms) [Parameters=[], CommandType='Text', CommandTimeout='30']
      SELECT "p"."Id", "p"."BirthDate", "p"."FirstName", "p"."LastName", "p"."OwnerAdminId", "p"."PhotoPath", "p"."Position", "p"."PreferredNumber"
      FROM "Players" AS "p"
      ORDER BY "p"."FirstName"
info: Microsoft.EntityFrameworkCore.Database.Command[20101]
      Executed DbCommand (0ms) [Parameters=[@__playerIds_0='?' (Size = 3)], CommandType='Text', CommandTimeout='30']
      SELECT "p"."Id", "p"."ClubId", "p"."EndDate", "p"."PlayerId", "p"."StartDate", "c"."Id", "c"."LogoPath", "c"."Name"
      FROM "PlayerClubs" AS "p"
      INNER JOIN "Clubs" AS "c" ON "p"."ClubId" = "c"."Id"
      WHERE "p"."PlayerId" IN (
          SELECT "p0"."value"
          FROM json_each(@__playerIds_0) AS "p0"
      )
info: Microsoft.EntityFrameworkCore.Database.Command[20101]
      Executed DbCommand (0ms) [Parameters=[@__username_0='?' (Size = 5)], CommandType='Text', CommandTimeout='30']
      SELECT "u1"."Id", "u1"."FirstName", "u1"."LastName", "u1"."PasswordHash", "u1"."Role", "u1"."Username", "s"."PlayersId", "s"."UsersId", "s"."Id", "s"."BirthDate", "s"."FirstName", "s"."LastName", "s"."OwnerAdminId", "s"."PhotoPath", "s"."Position", "s"."PreferredNumber"
      FROM (
          SELECT "u"."Id", "u"."FirstName", "u"."LastName", "u"."PasswordHash", "u"."Role", "u"."Username"
          FROM "Users" AS "u"
          WHERE "u"."Username" = @__username_0
          LIMIT 1
      ) AS "u1"
      LEFT JOIN (
          SELECT "u0"."PlayersId", "u0"."UsersId", "p"."Id", "p"."BirthDate", "p"."FirstName", "p"."LastName", "p"."OwnerAdminId", "p"."PhotoPath", "p"."Position", "p"."PreferredNumber"
          FROM "UserPlayers" AS "u0"
          INNER JOIN "Players" AS "p" ON "u0"."PlayersId" = "p"."Id"
      ) AS "s" ON "u1"."Id" = "s"."UsersId"
      ORDER BY "u1"."Id", "s"."PlayersId", "s"."UsersId"
info: Microsoft.EntityFrameworkCore.Database.Command[20101]
      Executed DbCommand (0ms) [Parameters=[], CommandType='Text', CommandTimeout='30']
      SELECT "p"."Id", "p"."BirthDate", "p"."FirstName", "p"."LastName", "p"."OwnerAdminId", "p"."PhotoPath", "p"."Position", "p"."PreferredNumber"
      FROM "Players" AS "p"
      ORDER BY "p"."FirstName"
info: Microsoft.EntityFrameworkCore.Database.Command[20101]
      Executed DbCommand (0ms) [Parameters=[@__visiblePlayerIds_0='?' (Size = 3)], CommandType='Text', CommandTimeout='30']
      SELECT "s"."Id", "s"."Category", "s"."ClubId", "s"."Label", "s"."PlayerId", "s"."Sport", "c"."Id", "c"."LogoPath", "c"."Name", "p"."Id", "p"."BirthDate", "p"."FirstName", "p"."LastName", "p"."OwnerAdminId", "p"."PhotoPath", "p"."Position", "p"."PreferredNumber"
      FROM "Seasons" AS "s"
      INNER JOIN "Clubs" AS "c" ON "s"."ClubId" = "c"."Id"
      INNER JOIN "Players" AS "p" ON "s"."PlayerId" = "p"."Id"
      WHERE "s"."PlayerId" IN (
          SELECT "v"."value"
          FROM json_each(@__visiblePlayerIds_0) AS "v"
      )
      ORDER BY "s"."Label" DESC
info: Microsoft.EntityFrameworkCore.Database.Command[20101]
      Executed DbCommand (0ms) [Parameters=[], CommandType='Text', CommandTimeout='30']
      SELECT "c"."Id", "c"."LogoPath", "c"."Name"
      FROM "Clubs" AS "c"
      ORDER BY "c"."Name"
info: Microsoft.EntityFrameworkCore.Database.Command[20101]
      Executed DbCommand (0ms) [Parameters=[@__visiblePlayerIds_0='?' (Size = 3)], CommandType='Text', CommandTimeout='30']
      SELECT COALESCE(SUM("m"."PlayerGoals"), 0)
      FROM "Matches" AS "m"
      INNER JOIN "Tournaments" AS "t" ON "m"."TournamentId" = "t"."Id"
      INNER JOIN "Seasons" AS "s" ON "t"."SeasonId" = "s"."Id"
      WHERE "s"."PlayerId" IN (
          SELECT "v"."value"
          FROM json_each(@__visiblePlayerIds_0) AS "v"
      )
info: Microsoft.EntityFrameworkCore.Database.Command[20101]
      Executed DbCommand (0ms) [Parameters=[], CommandType='Text', CommandTimeout='30']
      SELECT "p"."Id", "p"."BirthDate", "p"."FirstName", "p"."LastName", "p"."OwnerAdminId", "p"."PhotoPath", "p"."Position", "p"."PreferredNumber"
      FROM "Players" AS "p"
      ORDER BY "p"."FirstName"
info: Microsoft.EntityFrameworkCore.Database.Command[20101]
      Executed DbCommand (0ms) [Parameters=[@__visiblePlayerIds_0='?' (Size = 3)], CommandType='Text', CommandTimeout='30']
      SELECT "s"."Id", "s"."Category", "s"."ClubId", "s"."Label", "s"."PlayerId", "s"."Sport", "c"."Id", "c"."LogoPath", "c"."Name", "p"."Id", "p"."BirthDate", "p"."FirstName", "p"."LastName", "p"."OwnerAdminId", "p"."PhotoPath", "p"."Position", "p"."PreferredNumber"
      FROM "Seasons" AS "s"
      INNER JOIN "Clubs" AS "c" ON "s"."ClubId" = "c"."Id"
      INNER JOIN "Players" AS "p" ON "s"."PlayerId" = "p"."Id"
      WHERE "s"."PlayerId" IN (
          SELECT "v"."value"
          FROM json_each(@__visiblePlayerIds_0) AS "v"
      )
      ORDER BY "s"."Label" DESC
info: Microsoft.EntityFrameworkCore.Database.Command[20101]
      Executed DbCommand (0ms) [Parameters=[], CommandType='Text', CommandTimeout='30']
      SELECT "c"."Id", "c"."LogoPath", "c"."Name"
      FROM "Clubs" AS "c"
      ORDER BY "c"."Name"
info: Microsoft.EntityFrameworkCore.Database.Command[20101]
      Executed DbCommand (0ms) [Parameters=[@__visiblePlayerIds_0='?' (Size = 3)], CommandType='Text', CommandTimeout='30']
      SELECT COALESCE(SUM("m"."PlayerGoals"), 0)
      FROM "Matches" AS "m"
      INNER JOIN "Tournaments" AS "t" ON "m"."TournamentId" = "t"."Id"
      INNER JOIN "Seasons" AS "s" ON "t"."SeasonId" = "s"."Id"
      WHERE "s"."PlayerId" IN (
          SELECT "v"."value"
          FROM json_each(@__visiblePlayerIds_0) AS "v"
      )
info: Microsoft.EntityFrameworkCore.Database.Command[20101]
      Executed DbCommand (3ms) [Parameters=[@__username_0='?' (Size = 5)], CommandType='Text', CommandTimeout='30']
      SELECT "u1"."Id", "u1"."FirstName", "u1"."LastName", "u1"."PasswordHash", "u1"."Role", "u1"."Username", "s"."PlayersId", "s"."UsersId", "s"."Id", "s"."BirthDate", "s"."FirstName", "s"."LastName", "s"."OwnerAdminId", "s"."PhotoPath", "s"."Position", "s"."PreferredNumber"
      FROM (
          SELECT "u"."Id", "u"."FirstName", "u"."LastName", "u"."PasswordHash", "u"."Role", "u"."Username"
          FROM "Users" AS "u"
          WHERE "u"."Username" = @__username_0
          LIMIT 1
      ) AS "u1"
      LEFT JOIN (
          SELECT "u0"."PlayersId", "u0"."UsersId", "p"."Id", "p"."BirthDate", "p"."FirstName", "p"."LastName", "p"."OwnerAdminId", "p"."PhotoPath", "p"."Position", "p"."PreferredNumber"
          FROM "UserPlayers" AS "u0"
          INNER JOIN "Players" AS "p" ON "u0"."PlayersId" = "p"."Id"
      ) AS "s" ON "u1"."Id" = "s"."UsersId"
      ORDER BY "u1"."Id", "s"."PlayersId", "s"."UsersId"
info: Microsoft.EntityFrameworkCore.Database.Command[20101]
      Executed DbCommand (0ms) [Parameters=[], CommandType='Text', CommandTimeout='30']
      SELECT "p"."Id", "p"."BirthDate", "p"."FirstName", "p"."LastName", "p"."OwnerAdminId", "p"."PhotoPath", "p"."Position", "p"."PreferredNumber"
      FROM "Players" AS "p"
      ORDER BY "p"."FirstName"
info: Microsoft.EntityFrameworkCore.Database.Command[20101]
      Executed DbCommand (0ms) [Parameters=[@__playerIds_0='?' (Size = 3)], CommandType='Text', CommandTimeout='30']
      SELECT "p"."Id", "p"."ClubId", "p"."EndDate", "p"."PlayerId", "p"."StartDate", "c"."Id", "c"."LogoPath", "c"."Name"
      FROM "PlayerClubs" AS "p"
      INNER JOIN "Clubs" AS "c" ON "p"."ClubId" = "c"."Id"
      WHERE "p"."PlayerId" IN (
          SELECT "p0"."value"
          FROM json_each(@__playerIds_0) AS "p0"
      )
info: Microsoft.EntityFrameworkCore.Database.Command[20101]
      Executed DbCommand (0ms) [Parameters=[], CommandType='Text', CommandTimeout='30']
      SELECT "p"."Id", "p"."BirthDate", "p"."FirstName", "p"."LastName", "p"."OwnerAdminId", "p"."PhotoPath", "p"."Position", "p"."PreferredNumber"
      FROM "Players" AS "p"
      ORDER BY "p"."FirstName"
info: Microsoft.EntityFrameworkCore.Database.Command[20101]
      Executed DbCommand (0ms) [Parameters=[@__playerIds_0='?' (Size = 3)], CommandType='Text', CommandTimeout='30']
      SELECT "p"."Id", "p"."ClubId", "p"."EndDate", "p"."PlayerId", "p"."StartDate", "c"."Id", "c"."LogoPath", "c"."Name"
      FROM "PlayerClubs" AS "p"
      INNER JOIN "Clubs" AS "c" ON "p"."ClubId" = "c"."Id"
      WHERE "p"."PlayerId" IN (
          SELECT "p0"."value"
          FROM json_each(@__playerIds_0) AS "p0"
      )
info: Microsoft.EntityFrameworkCore.Database.Command[20101]
      Executed DbCommand (0ms) [Parameters=[@__username_0='?' (Size = 5)], CommandType='Text', CommandTimeout='30']
      SELECT "u1"."Id", "u1"."FirstName", "u1"."LastName", "u1"."PasswordHash", "u1"."Role", "u1"."Username", "s"."PlayersId", "s"."UsersId", "s"."Id", "s"."BirthDate", "s"."FirstName", "s"."LastName", "s"."OwnerAdminId", "s"."PhotoPath", "s"."Position", "s"."PreferredNumber"
      FROM (
          SELECT "u"."Id", "u"."FirstName", "u"."LastName", "u"."PasswordHash", "u"."Role", "u"."Username"
          FROM "Users" AS "u"
          WHERE "u"."Username" = @__username_0
          LIMIT 1
      ) AS "u1"
      LEFT JOIN (
          SELECT "u0"."PlayersId", "u0"."UsersId", "p"."Id", "p"."BirthDate", "p"."FirstName", "p"."LastName", "p"."OwnerAdminId", "p"."PhotoPath", "p"."Position", "p"."PreferredNumber"
          FROM "UserPlayers" AS "u0"
          INNER JOIN "Players" AS "p" ON "u0"."PlayersId" = "p"."Id"
      ) AS "s" ON "u1"."Id" = "s"."UsersId"
      ORDER BY "u1"."Id", "s"."PlayersId", "s"."UsersId"
info: Microsoft.EntityFrameworkCore.Database.Command[20101]
      Executed DbCommand (0ms) [Parameters=[], CommandType='Text', CommandTimeout='30']
      SELECT "c"."Id", "c"."LogoPath", "c"."Name"
      FROM "Clubs" AS "c"
      ORDER BY "c"."Name"
info: Microsoft.EntityFrameworkCore.Database.Command[20101]
      Executed DbCommand (0ms) [Parameters=[], CommandType='Text', CommandTimeout='30']
      SELECT "p"."ClubId", COUNT(DISTINCT ("p"."PlayerId")) AS "Count"
      FROM "PlayerClubs" AS "p"
      GROUP BY "p"."ClubId"
info: Microsoft.EntityFrameworkCore.Database.Command[20101]
      Executed DbCommand (0ms) [Parameters=[], CommandType='Text', CommandTimeout='30']
      SELECT "c"."Id", "c"."LogoPath", "c"."Name"
      FROM "Clubs" AS "c"
      ORDER BY "c"."Name"
info: Microsoft.EntityFrameworkCore.Database.Command[20101]
      Executed DbCommand (0ms) [Parameters=[], CommandType='Text', CommandTimeout='30']
      SELECT "p"."ClubId", COUNT(DISTINCT ("p"."PlayerId")) AS "Count"
      FROM "PlayerClubs" AS "p"
      GROUP BY "p"."ClubId"
info: Microsoft.EntityFrameworkCore.Database.Command[20101]
      Executed DbCommand (0ms) [Parameters=[@__username_0='?' (Size = 5)], CommandType='Text', CommandTimeout='30']
      SELECT "u1"."Id", "u1"."FirstName", "u1"."LastName", "u1"."PasswordHash", "u1"."Role", "u1"."Username", "s"."PlayersId", "s"."UsersId", "s"."Id", "s"."BirthDate", "s"."FirstName", "s"."LastName", "s"."OwnerAdminId", "s"."PhotoPath", "s"."Position", "s"."PreferredNumber"
      FROM (
          SELECT "u"."Id", "u"."FirstName", "u"."LastName", "u"."PasswordHash", "u"."Role", "u"."Username"
          FROM "Users" AS "u"
          WHERE "u"."Username" = @__username_0
          LIMIT 1
      ) AS "u1"
      LEFT JOIN (
          SELECT "u0"."PlayersId", "u0"."UsersId", "p"."Id", "p"."BirthDate", "p"."FirstName", "p"."LastName", "p"."OwnerAdminId", "p"."PhotoPath", "p"."Position", "p"."PreferredNumber"
          FROM "UserPlayers" AS "u0"
          INNER JOIN "Players" AS "p" ON "u0"."PlayersId" = "p"."Id"
      ) AS "s" ON "u1"."Id" = "s"."UsersId"
      ORDER BY "u1"."Id", "s"."PlayersId", "s"."UsersId"
info: Microsoft.EntityFrameworkCore.Database.Command[20101]
      Executed DbCommand (0ms) [Parameters=[], CommandType='Text', CommandTimeout='30']
      SELECT "u"."Id", "u"."FirstName", "u"."LastName", "u"."PasswordHash", "u"."Role", "u"."Username"
      FROM "Users" AS "u"
      WHERE "u"."Role" = 0
      ORDER BY "u"."FirstName"
info: Microsoft.EntityFrameworkCore.Database.Command[20101]
      Executed DbCommand (0ms) [Parameters=[], CommandType='Text', CommandTimeout='30']
      SELECT "u"."Id", "u"."FirstName", "u"."LastName", "u"."PasswordHash", "u"."Role", "u"."Username"
      FROM "Users" AS "u"
      WHERE "u"."Role" = 0
      ORDER BY "u"."FirstName"
info: Microsoft.EntityFrameworkCore.Database.Command[20101]
      Executed DbCommand (0ms) [Parameters=[], CommandType='Text', CommandTimeout='30']
      SELECT "p"."OwnerAdminId" AS "AdminId", COUNT(*) AS "Count"
      FROM "Players" AS "p"
      WHERE "p"."OwnerAdminId" IS NOT NULL
      GROUP BY "p"."OwnerAdminId"
info: Microsoft.EntityFrameworkCore.Database.Command[20101]
      Executed DbCommand (0ms) [Parameters=[@__username_0='?' (Size = 5)], CommandType='Text', CommandTimeout='30']
      SELECT "u1"."Id", "u1"."FirstName", "u1"."LastName", "u1"."PasswordHash", "u1"."Role", "u1"."Username", "s"."PlayersId", "s"."UsersId", "s"."Id", "s"."BirthDate", "s"."FirstName", "s"."LastName", "s"."OwnerAdminId", "s"."PhotoPath", "s"."Position", "s"."PreferredNumber"
      FROM (
          SELECT "u"."Id", "u"."FirstName", "u"."LastName", "u"."PasswordHash", "u"."Role", "u"."Username"
          FROM "Users" AS "u"
          WHERE "u"."Username" = @__username_0
          LIMIT 1
      ) AS "u1"
      LEFT JOIN (
          SELECT "u0"."PlayersId", "u0"."UsersId", "p"."Id", "p"."BirthDate", "p"."FirstName", "p"."LastName", "p"."OwnerAdminId", "p"."PhotoPath", "p"."Position", "p"."PreferredNumber"
          FROM "UserPlayers" AS "u0"
          INNER JOIN "Players" AS "p" ON "u0"."PlayersId" = "p"."Id"
      ) AS "s" ON "u1"."Id" = "s"."UsersId"
      ORDER BY "u1"."Id", "s"."PlayersId", "s"."UsersId"
info: Microsoft.EntityFrameworkCore.Database.Command[20101]
      Executed DbCommand (0ms) [Parameters=[], CommandType='Text', CommandTimeout='30']
      SELECT "p"."Id", "p"."BirthDate", "p"."FirstName", "p"."LastName", "p"."OwnerAdminId", "p"."PhotoPath", "p"."Position", "p"."PreferredNumber"
      FROM "Players" AS "p"
      ORDER BY "p"."FirstName"
info: Microsoft.EntityFrameworkCore.Database.Command[20101]
      Executed DbCommand (0ms) [Parameters=[@__visiblePlayerIds_0='?' (Size = 3)], CommandType='Text', CommandTimeout='30']
      SELECT "s"."Id", "s"."Category", "s"."ClubId", "s"."Label", "s"."PlayerId", "s"."Sport", "c"."Id", "c"."LogoPath", "c"."Name", "p"."Id", "p"."BirthDate", "p"."FirstName", "p"."LastName", "p"."OwnerAdminId", "p"."PhotoPath", "p"."Position", "p"."PreferredNumber"
      FROM "Seasons" AS "s"
      INNER JOIN "Clubs" AS "c" ON "s"."ClubId" = "c"."Id"
      INNER JOIN "Players" AS "p" ON "s"."PlayerId" = "p"."Id"
      WHERE "s"."PlayerId" IN (
          SELECT "v"."value"
          FROM json_each(@__visiblePlayerIds_0) AS "v"
      )
      ORDER BY "s"."Label" DESC
info: Microsoft.EntityFrameworkCore.Database.Command[20101]
      Executed DbCommand (0ms) [Parameters=[], CommandType='Text', CommandTimeout='30']
      SELECT "c"."Id", "c"."LogoPath", "c"."Name"
      FROM "Clubs" AS "c"
      ORDER BY "c"."Name"
info: Microsoft.EntityFrameworkCore.Database.Command[20101]
      Executed DbCommand (0ms) [Parameters=[@__visiblePlayerIds_0='?' (Size = 3)], CommandType='Text', CommandTimeout='30']
      SELECT COALESCE(SUM("m"."PlayerGoals"), 0)
      FROM "Matches" AS "m"
      INNER JOIN "Tournaments" AS "t" ON "m"."TournamentId" = "t"."Id"
      INNER JOIN "Seasons" AS "s" ON "t"."SeasonId" = "s"."Id"
      WHERE "s"."PlayerId" IN (
          SELECT "v"."value"
          FROM json_each(@__visiblePlayerIds_0) AS "v"
      )
info: Microsoft.EntityFrameworkCore.Database.Command[20101]
      Executed DbCommand (0ms) [Parameters=[], CommandType='Text', CommandTimeout='30']
      SELECT "p"."Id", "p"."BirthDate", "p"."FirstName", "p"."LastName", "p"."OwnerAdminId", "p"."PhotoPath", "p"."Position", "p"."PreferredNumber"
      FROM "Players" AS "p"
      ORDER BY "p"."FirstName"
info: Microsoft.EntityFrameworkCore.Database.Command[20101]
      Executed DbCommand (0ms) [Parameters=[@__visiblePlayerIds_0='?' (Size = 3)], CommandType='Text', CommandTimeout='30']
      SELECT "s"."Id", "s"."Category", "s"."ClubId", "s"."Label", "s"."PlayerId", "s"."Sport", "c"."Id", "c"."LogoPath", "c"."Name", "p"."Id", "p"."BirthDate", "p"."FirstName", "p"."LastName", "p"."OwnerAdminId", "p"."PhotoPath", "p"."Position", "p"."PreferredNumber"
      FROM "Seasons" AS "s"
      INNER JOIN "Clubs" AS "c" ON "s"."ClubId" = "c"."Id"
      INNER JOIN "Players" AS "p" ON "s"."PlayerId" = "p"."Id"
      WHERE "s"."PlayerId" IN (
          SELECT "v"."value"
          FROM json_each(@__visiblePlayerIds_0) AS "v"
      )
      ORDER BY "s"."Label" DESC
info: Microsoft.EntityFrameworkCore.Database.Command[20101]
      Executed DbCommand (0ms) [Parameters=[], CommandType='Text', CommandTimeout='30']
      SELECT "c"."Id", "c"."LogoPath", "c"."Name"
      FROM "Clubs" AS "c"
      ORDER BY "c"."Name"
info: Microsoft.EntityFrameworkCore.Database.Command[20101]
      Executed DbCommand (0ms) [Parameters=[@__visiblePlayerIds_0='?' (Size = 3)], CommandType='Text', CommandTimeout='30']
      SELECT COALESCE(SUM("m"."PlayerGoals"), 0)
      FROM "Matches" AS "m"
      INNER JOIN "Tournaments" AS "t" ON "m"."TournamentId" = "t"."Id"
      INNER JOIN "Seasons" AS "s" ON "t"."SeasonId" = "s"."Id"
      WHERE "s"."PlayerId" IN (
          SELECT "v"."value"
          FROM json_each(@__visiblePlayerIds_0) AS "v"
      )
info: Microsoft.EntityFrameworkCore.Database.Command[20101]
      Executed DbCommand (0ms) [Parameters=[@__username_0='?' (Size = 5)], CommandType='Text', CommandTimeout='30']
      SELECT "u1"."Id", "u1"."FirstName", "u1"."LastName", "u1"."PasswordHash", "u1"."Role", "u1"."Username", "s"."PlayersId", "s"."UsersId", "s"."Id", "s"."BirthDate", "s"."FirstName", "s"."LastName", "s"."OwnerAdminId", "s"."PhotoPath", "s"."Position", "s"."PreferredNumber"
      FROM (
          SELECT "u"."Id", "u"."FirstName", "u"."LastName", "u"."PasswordHash", "u"."Role", "u"."Username"
          FROM "Users" AS "u"
          WHERE "u"."Username" = @__username_0
          LIMIT 1
      ) AS "u1"
      LEFT JOIN (
          SELECT "u0"."PlayersId", "u0"."UsersId", "p"."Id", "p"."BirthDate", "p"."FirstName", "p"."LastName", "p"."OwnerAdminId", "p"."PhotoPath", "p"."Position", "p"."PreferredNumber"
          FROM "UserPlayers" AS "u0"
          INNER JOIN "Players" AS "p" ON "u0"."PlayersId" = "p"."Id"
      ) AS "s" ON "u1"."Id" = "s"."UsersId"
      ORDER BY "u1"."Id", "s"."PlayersId", "s"."UsersId"
info: Microsoft.EntityFrameworkCore.Database.Command[20101]
      Executed DbCommand (0ms) [Parameters=[], CommandType='Text', CommandTimeout='30']
      SELECT "p"."Id", "p"."BirthDate", "p"."FirstName", "p"."LastName", "p"."OwnerAdminId", "p"."PhotoPath", "p"."Position", "p"."PreferredNumber"
      FROM "Players" AS "p"
      ORDER BY "p"."FirstName"
info: Microsoft.EntityFrameworkCore.Database.Command[20101]
      Executed DbCommand (0ms) [Parameters=[@__playerIds_0='?' (Size = 3)], CommandType='Text', CommandTimeout='30']
      SELECT "p"."Id", "p"."ClubId", "p"."EndDate", "p"."PlayerId", "p"."StartDate", "c"."Id", "c"."LogoPath", "c"."Name"
      FROM "PlayerClubs" AS "p"
      INNER JOIN "Clubs" AS "c" ON "p"."ClubId" = "c"."Id"
      WHERE "p"."PlayerId" IN (
          SELECT "p0"."value"
          FROM json_each(@__playerIds_0) AS "p0"
      )
info: Microsoft.EntityFrameworkCore.Database.Command[20101]
      Executed DbCommand (0ms) [Parameters=[], CommandType='Text', CommandTimeout='30']
      SELECT "p"."Id", "p"."BirthDate", "p"."FirstName", "p"."LastName", "p"."OwnerAdminId", "p"."PhotoPath", "p"."Position", "p"."PreferredNumber"
      FROM "Players" AS "p"
      ORDER BY "p"."FirstName"
info: Microsoft.EntityFrameworkCore.Database.Command[20101]
      Executed DbCommand (0ms) [Parameters=[@__playerIds_0='?' (Size = 3)], CommandType='Text', CommandTimeout='30']
      SELECT "p"."Id", "p"."ClubId", "p"."EndDate", "p"."PlayerId", "p"."StartDate", "c"."Id", "c"."LogoPath", "c"."Name"
      FROM "PlayerClubs" AS "p"
      INNER JOIN "Clubs" AS "c" ON "p"."ClubId" = "c"."Id"
      WHERE "p"."PlayerId" IN (
          SELECT "p0"."value"
          FROM json_each(@__playerIds_0) AS "p0"
      )
info: Microsoft.EntityFrameworkCore.Database.Command[20101]
      Executed DbCommand (0ms) [Parameters=[@__username_0='?' (Size = 5)], CommandType='Text', CommandTimeout='30']
      SELECT "u1"."Id", "u1"."FirstName", "u1"."LastName", "u1"."PasswordHash", "u1"."Role", "u1"."Username", "s"."PlayersId", "s"."UsersId", "s"."Id", "s"."BirthDate", "s"."FirstName", "s"."LastName", "s"."OwnerAdminId", "s"."PhotoPath", "s"."Position", "s"."PreferredNumber"
      FROM (
          SELECT "u"."Id", "u"."FirstName", "u"."LastName", "u"."PasswordHash", "u"."Role", "u"."Username"
          FROM "Users" AS "u"
          WHERE "u"."Username" = @__username_0
          LIMIT 1
      ) AS "u1"
      LEFT JOIN (
          SELECT "u0"."PlayersId", "u0"."UsersId", "p"."Id", "p"."BirthDate", "p"."FirstName", "p"."LastName", "p"."OwnerAdminId", "p"."PhotoPath", "p"."Position", "p"."PreferredNumber"
          FROM "UserPlayers" AS "u0"
          INNER JOIN "Players" AS "p" ON "u0"."PlayersId" = "p"."Id"
      ) AS "s" ON "u1"."Id" = "s"."UsersId"
      ORDER BY "u1"."Id", "s"."PlayersId", "s"."UsersId"
info: Microsoft.EntityFrameworkCore.Database.Command[20101]
      Executed DbCommand (0ms) [Parameters=[], CommandType='Text', CommandTimeout='30']
      SELECT "c"."Id", "c"."LogoPath", "c"."Name"
      FROM "Clubs" AS "c"
      ORDER BY "c"."Name"
info: Microsoft.EntityFrameworkCore.Database.Command[20101]
      Executed DbCommand (0ms) [Parameters=[], CommandType='Text', CommandTimeout='30']
      SELECT "p"."ClubId", COUNT(DISTINCT ("p"."PlayerId")) AS "Count"
      FROM "PlayerClubs" AS "p"
      GROUP BY "p"."ClubId"
info: Microsoft.EntityFrameworkCore.Database.Command[20101]
      Executed DbCommand (0ms) [Parameters=[], CommandType='Text', CommandTimeout='30']
      SELECT "c"."Id", "c"."LogoPath", "c"."Name"
      FROM "Clubs" AS "c"
      ORDER BY "c"."Name"
info: Microsoft.EntityFrameworkCore.Database.Command[20101]
      Executed DbCommand (0ms) [Parameters=[], CommandType='Text', CommandTimeout='30']
      SELECT "p"."ClubId", COUNT(DISTINCT ("p"."PlayerId")) AS "Count"
      FROM "PlayerClubs" AS "p"
      GROUP BY "p"."ClubId"
info: Microsoft.EntityFrameworkCore.Database.Command[20101]
      Executed DbCommand (0ms) [Parameters=[@__username_0='?' (Size = 5)], CommandType='Text', CommandTimeout='30']
      SELECT "u1"."Id", "u1"."FirstName", "u1"."LastName", "u1"."PasswordHash", "u1"."Role", "u1"."Username", "s"."PlayersId", "s"."UsersId", "s"."Id", "s"."BirthDate", "s"."FirstName", "s"."LastName", "s"."OwnerAdminId", "s"."PhotoPath", "s"."Position", "s"."PreferredNumber"
      FROM (
          SELECT "u"."Id", "u"."FirstName", "u"."LastName", "u"."PasswordHash", "u"."Role", "u"."Username"
          FROM "Users" AS "u"
          WHERE "u"."Username" = @__username_0
          LIMIT 1
      ) AS "u1"
      LEFT JOIN (
          SELECT "u0"."PlayersId", "u0"."UsersId", "p"."Id", "p"."BirthDate", "p"."FirstName", "p"."LastName", "p"."OwnerAdminId", "p"."PhotoPath", "p"."Position", "p"."PreferredNumber"
          FROM "UserPlayers" AS "u0"
          INNER JOIN "Players" AS "p" ON "u0"."PlayersId" = "p"."Id"
      ) AS "s" ON "u1"."Id" = "s"."UsersId"
      ORDER BY "u1"."Id", "s"."PlayersId", "s"."UsersId"
info: Microsoft.EntityFrameworkCore.Database.Command[20101]
      Executed DbCommand (0ms) [Parameters=[], CommandType='Text', CommandTimeout='30']
      SELECT "u"."Id", "u"."FirstName", "u"."LastName", "u"."PasswordHash", "u"."Role", "u"."Username"
      FROM "Users" AS "u"
      WHERE "u"."Role" = 0
      ORDER BY "u"."FirstName"
info: Microsoft.EntityFrameworkCore.Database.Command[20101]
      Executed DbCommand (0ms) [Parameters=[], CommandType='Text', CommandTimeout='30']
      SELECT "u"."Id", "u"."FirstName", "u"."LastName", "u"."PasswordHash", "u"."Role", "u"."Username"
      FROM "Users" AS "u"
      WHERE "u"."Role" = 0
      ORDER BY "u"."FirstName"
info: Microsoft.EntityFrameworkCore.Database.Command[20101]
      Executed DbCommand (0ms) [Parameters=[], CommandType='Text', CommandTimeout='30']
      SELECT "p"."OwnerAdminId" AS "AdminId", COUNT(*) AS "Count"
      FROM "Players" AS "p"
      WHERE "p"."OwnerAdminId" IS NOT NULL
      GROUP BY "p"."OwnerAdminId"
info: Microsoft.EntityFrameworkCore.Database.Command[20101]
      Executed DbCommand (0ms) [Parameters=[@__username_0='?' (Size = 5)], CommandType='Text', CommandTimeout='30']
      SELECT "u1"."Id", "u1"."FirstName", "u1"."LastName", "u1"."PasswordHash", "u1"."Role", "u1"."Username", "s"."PlayersId", "s"."UsersId", "s"."Id", "s"."BirthDate", "s"."FirstName", "s"."LastName", "s"."OwnerAdminId", "s"."PhotoPath", "s"."Position", "s"."PreferredNumber"
      FROM (
          SELECT "u"."Id", "u"."FirstName", "u"."LastName", "u"."PasswordHash", "u"."Role", "u"."Username"
          FROM "Users" AS "u"
          WHERE "u"."Username" = @__username_0
          LIMIT 1
      ) AS "u1"
      LEFT JOIN (
          SELECT "u0"."PlayersId", "u0"."UsersId", "p"."Id", "p"."BirthDate", "p"."FirstName", "p"."LastName", "p"."OwnerAdminId", "p"."PhotoPath", "p"."Position", "p"."PreferredNumber"
          FROM "UserPlayers" AS "u0"
          INNER JOIN "Players" AS "p" ON "u0"."PlayersId" = "p"."Id"
      ) AS "s" ON "u1"."Id" = "s"."UsersId"
      ORDER BY "u1"."Id", "s"."PlayersId", "s"."UsersId"
info: Microsoft.EntityFrameworkCore.Database.Command[20101]
      Executed DbCommand (0ms) [Parameters=[], CommandType='Text', CommandTimeout='30']
      SELECT "c"."Id", "c"."LogoPath", "c"."Name"
      FROM "Clubs" AS "c"
      ORDER BY "c"."Name"
info: Microsoft.EntityFrameworkCore.Database.Command[20101]
      Executed DbCommand (0ms) [Parameters=[], CommandType='Text', CommandTimeout='30']
      SELECT "p"."ClubId", COUNT(DISTINCT ("p"."PlayerId")) AS "Count"
      FROM "PlayerClubs" AS "p"
      GROUP BY "p"."ClubId"
info: Microsoft.EntityFrameworkCore.Database.Command[20101]
      Executed DbCommand (0ms) [Parameters=[], CommandType='Text', CommandTimeout='30']
      SELECT "c"."Id", "c"."LogoPath", "c"."Name"
      FROM "Clubs" AS "c"
      ORDER BY "c"."Name"
info: Microsoft.EntityFrameworkCore.Database.Command[20101]
      Executed DbCommand (0ms) [Parameters=[], CommandType='Text', CommandTimeout='30']
      SELECT "p"."ClubId", COUNT(DISTINCT ("p"."PlayerId")) AS "Count"
      FROM "PlayerClubs" AS "p"
      GROUP BY "p"."ClubId"
info: Microsoft.EntityFrameworkCore.Database.Command[20101]
      Executed DbCommand (0ms) [Parameters=[@__username_0='?' (Size = 5)], CommandType='Text', CommandTimeout='30']
      SELECT "u1"."Id", "u1"."FirstName", "u1"."LastName", "u1"."PasswordHash", "u1"."Role", "u1"."Username", "s"."PlayersId", "s"."UsersId", "s"."Id", "s"."BirthDate", "s"."FirstName", "s"."LastName", "s"."OwnerAdminId", "s"."PhotoPath", "s"."Position", "s"."PreferredNumber"
      FROM (
          SELECT "u"."Id", "u"."FirstName", "u"."LastName", "u"."PasswordHash", "u"."Role", "u"."Username"
          FROM "Users" AS "u"
          WHERE "u"."Username" = @__username_0
          LIMIT 1
      ) AS "u1"
      LEFT JOIN (
          SELECT "u0"."PlayersId", "u0"."UsersId", "p"."Id", "p"."BirthDate", "p"."FirstName", "p"."LastName", "p"."OwnerAdminId", "p"."PhotoPath", "p"."Position", "p"."PreferredNumber"
          FROM "UserPlayers" AS "u0"
          INNER JOIN "Players" AS "p" ON "u0"."PlayersId" = "p"."Id"
      ) AS "s" ON "u1"."Id" = "s"."UsersId"
      ORDER BY "u1"."Id", "s"."PlayersId", "s"."UsersId"
info: Microsoft.EntityFrameworkCore.Database.Command[20101]
      Executed DbCommand (0ms) [Parameters=[], CommandType='Text', CommandTimeout='30']
      SELECT "p"."Id", "p"."BirthDate", "p"."FirstName", "p"."LastName", "p"."OwnerAdminId", "p"."PhotoPath", "p"."Position", "p"."PreferredNumber"
      FROM "Players" AS "p"
      ORDER BY "p"."FirstName"
info: Microsoft.EntityFrameworkCore.Database.Command[20101]
      Executed DbCommand (0ms) [Parameters=[@__playerIds_0='?' (Size = 3)], CommandType='Text', CommandTimeout='30']
      SELECT "p"."Id", "p"."ClubId", "p"."EndDate", "p"."PlayerId", "p"."StartDate", "c"."Id", "c"."LogoPath", "c"."Name"
      FROM "PlayerClubs" AS "p"
      INNER JOIN "Clubs" AS "c" ON "p"."ClubId" = "c"."Id"
      WHERE "p"."PlayerId" IN (
          SELECT "p0"."value"
          FROM json_each(@__playerIds_0) AS "p0"
      )
info: Microsoft.EntityFrameworkCore.Database.Command[20101]
      Executed DbCommand (0ms) [Parameters=[], CommandType='Text', CommandTimeout='30']
      SELECT "p"."Id", "p"."BirthDate", "p"."FirstName", "p"."LastName", "p"."OwnerAdminId", "p"."PhotoPath", "p"."Position", "p"."PreferredNumber"
      FROM "Players" AS "p"
      ORDER BY "p"."FirstName"
info: Microsoft.EntityFrameworkCore.Database.Command[20101]
      Executed DbCommand (0ms) [Parameters=[@__playerIds_0='?' (Size = 3)], CommandType='Text', CommandTimeout='30']
      SELECT "p"."Id", "p"."ClubId", "p"."EndDate", "p"."PlayerId", "p"."StartDate", "c"."Id", "c"."LogoPath", "c"."Name"
      FROM "PlayerClubs" AS "p"
      INNER JOIN "Clubs" AS "c" ON "p"."ClubId" = "c"."Id"
      WHERE "p"."PlayerId" IN (
          SELECT "p0"."value"
          FROM json_each(@__playerIds_0) AS "p0"
      )
info: Microsoft.EntityFrameworkCore.Database.Command[20101]
      Executed DbCommand (0ms) [Parameters=[@__username_0='?' (Size = 5)], CommandType='Text', CommandTimeout='30']
      SELECT "u1"."Id", "u1"."FirstName", "u1"."LastName", "u1"."PasswordHash", "u1"."Role", "u1"."Username", "s"."PlayersId", "s"."UsersId", "s"."Id", "s"."BirthDate", "s"."FirstName", "s"."LastName", "s"."OwnerAdminId", "s"."PhotoPath", "s"."Position", "s"."PreferredNumber"
      FROM (
          SELECT "u"."Id", "u"."FirstName", "u"."LastName", "u"."PasswordHash", "u"."Role", "u"."Username"
          FROM "Users" AS "u"
          WHERE "u"."Username" = @__username_0
          LIMIT 1
      ) AS "u1"
      LEFT JOIN (
          SELECT "u0"."PlayersId", "u0"."UsersId", "p"."Id", "p"."BirthDate", "p"."FirstName", "p"."LastName", "p"."OwnerAdminId", "p"."PhotoPath", "p"."Position", "p"."PreferredNumber"
          FROM "UserPlayers" AS "u0"
          INNER JOIN "Players" AS "p" ON "u0"."PlayersId" = "p"."Id"
      ) AS "s" ON "u1"."Id" = "s"."UsersId"
      ORDER BY "u1"."Id", "s"."PlayersId", "s"."UsersId"
info: Microsoft.EntityFrameworkCore.Database.Command[20101]
      Executed DbCommand (0ms) [Parameters=[], CommandType='Text', CommandTimeout='30']
      SELECT "p"."Id", "p"."BirthDate", "p"."FirstName", "p"."LastName", "p"."OwnerAdminId", "p"."PhotoPath", "p"."Position", "p"."PreferredNumber"
      FROM "Players" AS "p"
      ORDER BY "p"."FirstName"
info: Microsoft.EntityFrameworkCore.Database.Command[20101]
      Executed DbCommand (0ms) [Parameters=[@__visiblePlayerIds_0='?' (Size = 3)], CommandType='Text', CommandTimeout='30']
      SELECT "s"."Id", "s"."Category", "s"."ClubId", "s"."Label", "s"."PlayerId", "s"."Sport", "c"."Id", "c"."LogoPath", "c"."Name", "p"."Id", "p"."BirthDate", "p"."FirstName", "p"."LastName", "p"."OwnerAdminId", "p"."PhotoPath", "p"."Position", "p"."PreferredNumber"
      FROM "Seasons" AS "s"
      INNER JOIN "Clubs" AS "c" ON "s"."ClubId" = "c"."Id"
      INNER JOIN "Players" AS "p" ON "s"."PlayerId" = "p"."Id"
      WHERE "s"."PlayerId" IN (
          SELECT "v"."value"
          FROM json_each(@__visiblePlayerIds_0) AS "v"
      )
      ORDER BY "s"."Label" DESC
info: Microsoft.EntityFrameworkCore.Database.Command[20101]
      Executed DbCommand (0ms) [Parameters=[], CommandType='Text', CommandTimeout='30']
      SELECT "c"."Id", "c"."LogoPath", "c"."Name"
      FROM "Clubs" AS "c"
      ORDER BY "c"."Name"
info: Microsoft.EntityFrameworkCore.Database.Command[20101]
      Executed DbCommand (0ms) [Parameters=[@__visiblePlayerIds_0='?' (Size = 3)], CommandType='Text', CommandTimeout='30']
      SELECT COALESCE(SUM("m"."PlayerGoals"), 0)
      FROM "Matches" AS "m"
      INNER JOIN "Tournaments" AS "t" ON "m"."TournamentId" = "t"."Id"
      INNER JOIN "Seasons" AS "s" ON "t"."SeasonId" = "s"."Id"
      WHERE "s"."PlayerId" IN (
          SELECT "v"."value"
          FROM json_each(@__visiblePlayerIds_0) AS "v"
      )
info: Microsoft.EntityFrameworkCore.Database.Command[20101]
      Executed DbCommand (0ms) [Parameters=[], CommandType='Text', CommandTimeout='30']
      SELECT "p"."Id", "p"."BirthDate", "p"."FirstName", "p"."LastName", "p"."OwnerAdminId", "p"."PhotoPath", "p"."Position", "p"."PreferredNumber"
      FROM "Players" AS "p"
      ORDER BY "p"."FirstName"
info: Microsoft.EntityFrameworkCore.Database.Command[20101]
      Executed DbCommand (0ms) [Parameters=[@__visiblePlayerIds_0='?' (Size = 3)], CommandType='Text', CommandTimeout='30']
      SELECT "s"."Id", "s"."Category", "s"."ClubId", "s"."Label", "s"."PlayerId", "s"."Sport", "c"."Id", "c"."LogoPath", "c"."Name", "p"."Id", "p"."BirthDate", "p"."FirstName", "p"."LastName", "p"."OwnerAdminId", "p"."PhotoPath", "p"."Position", "p"."PreferredNumber"
      FROM "Seasons" AS "s"
      INNER JOIN "Clubs" AS "c" ON "s"."ClubId" = "c"."Id"
      INNER JOIN "Players" AS "p" ON "s"."PlayerId" = "p"."Id"
      WHERE "s"."PlayerId" IN (
          SELECT "v"."value"
          FROM json_each(@__visiblePlayerIds_0) AS "v"
      )
      ORDER BY "s"."Label" DESC
info: Microsoft.EntityFrameworkCore.Database.Command[20101]
      Executed DbCommand (0ms) [Parameters=[], CommandType='Text', CommandTimeout='30']
      SELECT "c"."Id", "c"."LogoPath", "c"."Name"
      FROM "Clubs" AS "c"
      ORDER BY "c"."Name"
info: Microsoft.EntityFrameworkCore.Database.Command[20101]
      Executed DbCommand (0ms) [Parameters=[@__visiblePlayerIds_0='?' (Size = 3)], CommandType='Text', CommandTimeout='30']
      SELECT COALESCE(SUM("m"."PlayerGoals"), 0)
      FROM "Matches" AS "m"
      INNER JOIN "Tournaments" AS "t" ON "m"."TournamentId" = "t"."Id"
      INNER JOIN "Seasons" AS "s" ON "t"."SeasonId" = "s"."Id"
      WHERE "s"."PlayerId" IN (
          SELECT "v"."value"
          FROM json_each(@__visiblePlayerIds_0) AS "v"
      )
info: Microsoft.EntityFrameworkCore.Database.Command[20101]
      Executed DbCommand (0ms) [Parameters=[@__username_0='?' (Size = 5)], CommandType='Text', CommandTimeout='30']
      SELECT "u1"."Id", "u1"."FirstName", "u1"."LastName", "u1"."PasswordHash", "u1"."Role", "u1"."Username", "s"."PlayersId", "s"."UsersId", "s"."Id", "s"."BirthDate", "s"."FirstName", "s"."LastName", "s"."OwnerAdminId", "s"."PhotoPath", "s"."Position", "s"."PreferredNumber"
      FROM (
          SELECT "u"."Id", "u"."FirstName", "u"."LastName", "u"."PasswordHash", "u"."Role", "u"."Username"
          FROM "Users" AS "u"
          WHERE "u"."Username" = @__username_0
          LIMIT 1
      ) AS "u1"
      LEFT JOIN (
          SELECT "u0"."PlayersId", "u0"."UsersId", "p"."Id", "p"."BirthDate", "p"."FirstName", "p"."LastName", "p"."OwnerAdminId", "p"."PhotoPath", "p"."Position", "p"."PreferredNumber"
          FROM "UserPlayers" AS "u0"
          INNER JOIN "Players" AS "p" ON "u0"."PlayersId" = "p"."Id"
      ) AS "s" ON "u1"."Id" = "s"."UsersId"
      ORDER BY "u1"."Id", "s"."PlayersId", "s"."UsersId"
info: Microsoft.EntityFrameworkCore.Database.Command[20101]
      Executed DbCommand (0ms) [Parameters=[], CommandType='Text', CommandTimeout='30']
      SELECT "p"."Id", "p"."BirthDate", "p"."FirstName", "p"."LastName", "p"."OwnerAdminId", "p"."PhotoPath", "p"."Position", "p"."PreferredNumber"
      FROM "Players" AS "p"
      ORDER BY "p"."FirstName"
info: Microsoft.EntityFrameworkCore.Database.Command[20101]
      Executed DbCommand (0ms) [Parameters=[@__playerIds_0='?' (Size = 3)], CommandType='Text', CommandTimeout='30']
      SELECT "p"."Id", "p"."ClubId", "p"."EndDate", "p"."PlayerId", "p"."StartDate", "c"."Id", "c"."LogoPath", "c"."Name"
      FROM "PlayerClubs" AS "p"
      INNER JOIN "Clubs" AS "c" ON "p"."ClubId" = "c"."Id"
      WHERE "p"."PlayerId" IN (
          SELECT "p0"."value"
          FROM json_each(@__playerIds_0) AS "p0"
      )
info: Microsoft.EntityFrameworkCore.Database.Command[20101]
      Executed DbCommand (0ms) [Parameters=[], CommandType='Text', CommandTimeout='30']
      SELECT "p"."Id", "p"."BirthDate", "p"."FirstName", "p"."LastName", "p"."OwnerAdminId", "p"."PhotoPath", "p"."Position", "p"."PreferredNumber"
      FROM "Players" AS "p"
      ORDER BY "p"."FirstName"
info: Microsoft.EntityFrameworkCore.Database.Command[20101]
      Executed DbCommand (0ms) [Parameters=[@__playerIds_0='?' (Size = 3)], CommandType='Text', CommandTimeout='30']
      SELECT "p"."Id", "p"."ClubId", "p"."EndDate", "p"."PlayerId", "p"."StartDate", "c"."Id", "c"."LogoPath", "c"."Name"
      FROM "PlayerClubs" AS "p"
      INNER JOIN "Clubs" AS "c" ON "p"."ClubId" = "c"."Id"
      WHERE "p"."PlayerId" IN (
          SELECT "p0"."value"
          FROM json_each(@__playerIds_0) AS "p0"
      )
info: Microsoft.EntityFrameworkCore.Database.Command[20101]
      Executed DbCommand (0ms) [Parameters=[@__username_0='?' (Size = 5)], CommandType='Text', CommandTimeout='30']
      SELECT "u1"."Id", "u1"."FirstName", "u1"."LastName", "u1"."PasswordHash", "u1"."Role", "u1"."Username", "s"."PlayersId", "s"."UsersId", "s"."Id", "s"."BirthDate", "s"."FirstName", "s"."LastName", "s"."OwnerAdminId", "s"."PhotoPath", "s"."Position", "s"."PreferredNumber"
      FROM (
          SELECT "u"."Id", "u"."FirstName", "u"."LastName", "u"."PasswordHash", "u"."Role", "u"."Username"
          FROM "Users" AS "u"
          WHERE "u"."Username" = @__username_0
          LIMIT 1
      ) AS "u1"
      LEFT JOIN (
          SELECT "u0"."PlayersId", "u0"."UsersId", "p"."Id", "p"."BirthDate", "p"."FirstName", "p"."LastName", "p"."OwnerAdminId", "p"."PhotoPath", "p"."Position", "p"."PreferredNumber"
          FROM "UserPlayers" AS "u0"
          INNER JOIN "Players" AS "p" ON "u0"."PlayersId" = "p"."Id"
      ) AS "s" ON "u1"."Id" = "s"."UsersId"
      ORDER BY "u1"."Id", "s"."PlayersId", "s"."UsersId"
info: Microsoft.EntityFrameworkCore.Database.Command[20101]
      Executed DbCommand (0ms) [Parameters=[], CommandType='Text', CommandTimeout='30']
      SELECT "c"."Id", "c"."LogoPath", "c"."Name"
      FROM "Clubs" AS "c"
      ORDER BY "c"."Name"
info: Microsoft.EntityFrameworkCore.Database.Command[20101]
      Executed DbCommand (0ms) [Parameters=[], CommandType='Text', CommandTimeout='30']
      SELECT "p"."ClubId", COUNT(DISTINCT ("p"."PlayerId")) AS "Count"
      FROM "PlayerClubs" AS "p"
      GROUP BY "p"."ClubId"
info: Microsoft.EntityFrameworkCore.Database.Command[20101]
      Executed DbCommand (0ms) [Parameters=[], CommandType='Text', CommandTimeout='30']
      SELECT "c"."Id", "c"."LogoPath", "c"."Name"
      FROM "Clubs" AS "c"
      ORDER BY "c"."Name"
info: Microsoft.EntityFrameworkCore.Database.Command[20101]
      Executed DbCommand (0ms) [Parameters=[], CommandType='Text', CommandTimeout='30']
      SELECT "p"."ClubId", COUNT(DISTINCT ("p"."PlayerId")) AS "Count"
      FROM "PlayerClubs" AS "p"
      GROUP BY "p"."ClubId"
info: Microsoft.EntityFrameworkCore.Database.Command[20101]
      Executed DbCommand (0ms) [Parameters=[@__username_0='?' (Size = 5)], CommandType='Text', CommandTimeout='30']
      SELECT "u1"."Id", "u1"."FirstName", "u1"."LastName", "u1"."PasswordHash", "u1"."Role", "u1"."Username", "s"."PlayersId", "s"."UsersId", "s"."Id", "s"."BirthDate", "s"."FirstName", "s"."LastName", "s"."OwnerAdminId", "s"."PhotoPath", "s"."Position", "s"."PreferredNumber"
      FROM (
          SELECT "u"."Id", "u"."FirstName", "u"."LastName", "u"."PasswordHash", "u"."Role", "u"."Username"
          FROM "Users" AS "u"
          WHERE "u"."Username" = @__username_0
          LIMIT 1
      ) AS "u1"
      LEFT JOIN (
          SELECT "u0"."PlayersId", "u0"."UsersId", "p"."Id", "p"."BirthDate", "p"."FirstName", "p"."LastName", "p"."OwnerAdminId", "p"."PhotoPath", "p"."Position", "p"."PreferredNumber"
          FROM "UserPlayers" AS "u0"
          INNER JOIN "Players" AS "p" ON "u0"."PlayersId" = "p"."Id"
      ) AS "s" ON "u1"."Id" = "s"."UsersId"
      ORDER BY "u1"."Id", "s"."PlayersId", "s"."UsersId"
info: Microsoft.EntityFrameworkCore.Database.Command[20101]
      Executed DbCommand (0ms) [Parameters=[], CommandType='Text', CommandTimeout='30']
      SELECT "p"."Id", "p"."BirthDate", "p"."FirstName", "p"."LastName", "p"."OwnerAdminId", "p"."PhotoPath", "p"."Position", "p"."PreferredNumber"
      FROM "Players" AS "p"
      ORDER BY "p"."FirstName"
info: Microsoft.EntityFrameworkCore.Database.Command[20101]
      Executed DbCommand (0ms) [Parameters=[@__playerIds_0='?' (Size = 3)], CommandType='Text', CommandTimeout='30']
      SELECT "p"."Id", "p"."ClubId", "p"."EndDate", "p"."PlayerId", "p"."StartDate", "c"."Id", "c"."LogoPath", "c"."Name"
      FROM "PlayerClubs" AS "p"
      INNER JOIN "Clubs" AS "c" ON "p"."ClubId" = "c"."Id"
      WHERE "p"."PlayerId" IN (
          SELECT "p0"."value"
          FROM json_each(@__playerIds_0) AS "p0"
      )
info: Microsoft.EntityFrameworkCore.Database.Command[20101]
      Executed DbCommand (0ms) [Parameters=[], CommandType='Text', CommandTimeout='30']
      SELECT "p"."Id", "p"."BirthDate", "p"."FirstName", "p"."LastName", "p"."OwnerAdminId", "p"."PhotoPath", "p"."Position", "p"."PreferredNumber"
      FROM "Players" AS "p"
      ORDER BY "p"."FirstName"
info: Microsoft.EntityFrameworkCore.Database.Command[20101]
      Executed DbCommand (0ms) [Parameters=[@__playerIds_0='?' (Size = 3)], CommandType='Text', CommandTimeout='30']
      SELECT "p"."Id", "p"."ClubId", "p"."EndDate", "p"."PlayerId", "p"."StartDate", "c"."Id", "c"."LogoPath", "c"."Name"
      FROM "PlayerClubs" AS "p"
      INNER JOIN "Clubs" AS "c" ON "p"."ClubId" = "c"."Id"
      WHERE "p"."PlayerId" IN (
          SELECT "p0"."value"
          FROM json_each(@__playerIds_0) AS "p0"
      )
info: Microsoft.EntityFrameworkCore.Database.Command[20101]
      Executed DbCommand (0ms) [Parameters=[@__username_0='?' (Size = 5)], CommandType='Text', CommandTimeout='30']
      SELECT "u1"."Id", "u1"."FirstName", "u1"."LastName", "u1"."PasswordHash", "u1"."Role", "u1"."Username", "s"."PlayersId", "s"."UsersId", "s"."Id", "s"."BirthDate", "s"."FirstName", "s"."LastName", "s"."OwnerAdminId", "s"."PhotoPath", "s"."Position", "s"."PreferredNumber"
      FROM (
          SELECT "u"."Id", "u"."FirstName", "u"."LastName", "u"."PasswordHash", "u"."Role", "u"."Username"
          FROM "Users" AS "u"
          WHERE "u"."Username" = @__username_0
          LIMIT 1
      ) AS "u1"
      LEFT JOIN (
          SELECT "u0"."PlayersId", "u0"."UsersId", "p"."Id", "p"."BirthDate", "p"."FirstName", "p"."LastName", "p"."OwnerAdminId", "p"."PhotoPath", "p"."Position", "p"."PreferredNumber"
          FROM "UserPlayers" AS "u0"
          INNER JOIN "Players" AS "p" ON "u0"."PlayersId" = "p"."Id"
      ) AS "s" ON "u1"."Id" = "s"."UsersId"
      ORDER BY "u1"."Id", "s"."PlayersId", "s"."UsersId"
info: Microsoft.EntityFrameworkCore.Database.Command[20101]
      Executed DbCommand (0ms) [Parameters=[], CommandType='Text', CommandTimeout='30']
      SELECT "p"."Id", "p"."BirthDate", "p"."FirstName", "p"."LastName", "p"."OwnerAdminId", "p"."PhotoPath", "p"."Position", "p"."PreferredNumber"
      FROM "Players" AS "p"
      ORDER BY "p"."FirstName"
info: Microsoft.EntityFrameworkCore.Database.Command[20101]
      Executed DbCommand (0ms) [Parameters=[@__visiblePlayerIds_0='?' (Size = 3)], CommandType='Text', CommandTimeout='30']
      SELECT "s"."Id", "s"."Category", "s"."ClubId", "s"."Label", "s"."PlayerId", "s"."Sport", "c"."Id", "c"."LogoPath", "c"."Name", "p"."Id", "p"."BirthDate", "p"."FirstName", "p"."LastName", "p"."OwnerAdminId", "p"."PhotoPath", "p"."Position", "p"."PreferredNumber"
      FROM "Seasons" AS "s"
      INNER JOIN "Clubs" AS "c" ON "s"."ClubId" = "c"."Id"
      INNER JOIN "Players" AS "p" ON "s"."PlayerId" = "p"."Id"
      WHERE "s"."PlayerId" IN (
          SELECT "v"."value"
          FROM json_each(@__visiblePlayerIds_0) AS "v"
      )
      ORDER BY "s"."Label" DESC
info: Microsoft.EntityFrameworkCore.Database.Command[20101]
      Executed DbCommand (0ms) [Parameters=[], CommandType='Text', CommandTimeout='30']
      SELECT "c"."Id", "c"."LogoPath", "c"."Name"
      FROM "Clubs" AS "c"
      ORDER BY "c"."Name"
info: Microsoft.EntityFrameworkCore.Database.Command[20101]
      Executed DbCommand (0ms) [Parameters=[@__visiblePlayerIds_0='?' (Size = 3)], CommandType='Text', CommandTimeout='30']
      SELECT COALESCE(SUM("m"."PlayerGoals"), 0)
      FROM "Matches" AS "m"
      INNER JOIN "Tournaments" AS "t" ON "m"."TournamentId" = "t"."Id"
      INNER JOIN "Seasons" AS "s" ON "t"."SeasonId" = "s"."Id"
      WHERE "s"."PlayerId" IN (
          SELECT "v"."value"
          FROM json_each(@__visiblePlayerIds_0) AS "v"
      )
info: Microsoft.EntityFrameworkCore.Database.Command[20101]
      Executed DbCommand (0ms) [Parameters=[], CommandType='Text', CommandTimeout='30']
      SELECT "p"."Id", "p"."BirthDate", "p"."FirstName", "p"."LastName", "p"."OwnerAdminId", "p"."PhotoPath", "p"."Position", "p"."PreferredNumber"
      FROM "Players" AS "p"
      ORDER BY "p"."FirstName"
info: Microsoft.EntityFrameworkCore.Database.Command[20101]
      Executed DbCommand (0ms) [Parameters=[@__visiblePlayerIds_0='?' (Size = 3)], CommandType='Text', CommandTimeout='30']
      SELECT "s"."Id", "s"."Category", "s"."ClubId", "s"."Label", "s"."PlayerId", "s"."Sport", "c"."Id", "c"."LogoPath", "c"."Name", "p"."Id", "p"."BirthDate", "p"."FirstName", "p"."LastName", "p"."OwnerAdminId", "p"."PhotoPath", "p"."Position", "p"."PreferredNumber"
      FROM "Seasons" AS "s"
      INNER JOIN "Clubs" AS "c" ON "s"."ClubId" = "c"."Id"
      INNER JOIN "Players" AS "p" ON "s"."PlayerId" = "p"."Id"
      WHERE "s"."PlayerId" IN (
          SELECT "v"."value"
          FROM json_each(@__visiblePlayerIds_0) AS "v"
      )
      ORDER BY "s"."Label" DESC
info: Microsoft.EntityFrameworkCore.Database.Command[20101]
      Executed DbCommand (0ms) [Parameters=[], CommandType='Text', CommandTimeout='30']
      SELECT "c"."Id", "c"."LogoPath", "c"."Name"
      FROM "Clubs" AS "c"
      ORDER BY "c"."Name"
info: Microsoft.EntityFrameworkCore.Database.Command[20101]
      Executed DbCommand (0ms) [Parameters=[@__visiblePlayerIds_0='?' (Size = 3)], CommandType='Text', CommandTimeout='30']
      SELECT COALESCE(SUM("m"."PlayerGoals"), 0)
      FROM "Matches" AS "m"
      INNER JOIN "Tournaments" AS "t" ON "m"."TournamentId" = "t"."Id"
      INNER JOIN "Seasons" AS "s" ON "t"."SeasonId" = "s"."Id"
      WHERE "s"."PlayerId" IN (
          SELECT "v"."value"
          FROM json_each(@__visiblePlayerIds_0) AS "v"
      )
info: Microsoft.EntityFrameworkCore.Database.Command[20101]
      Executed DbCommand (0ms) [Parameters=[@__username_0='?' (Size = 5)], CommandType='Text', CommandTimeout='30']
      SELECT "u1"."Id", "u1"."FirstName", "u1"."LastName", "u1"."PasswordHash", "u1"."Role", "u1"."Username", "s"."PlayersId", "s"."UsersId", "s"."Id", "s"."BirthDate", "s"."FirstName", "s"."LastName", "s"."OwnerAdminId", "s"."PhotoPath", "s"."Position", "s"."PreferredNumber"
      FROM (
          SELECT "u"."Id", "u"."FirstName", "u"."LastName", "u"."PasswordHash", "u"."Role", "u"."Username"
          FROM "Users" AS "u"
          WHERE "u"."Username" = @__username_0
          LIMIT 1
      ) AS "u1"
      LEFT JOIN (
          SELECT "u0"."PlayersId", "u0"."UsersId", "p"."Id", "p"."BirthDate", "p"."FirstName", "p"."LastName", "p"."OwnerAdminId", "p"."PhotoPath", "p"."Position", "p"."PreferredNumber"
          FROM "UserPlayers" AS "u0"
          INNER JOIN "Players" AS "p" ON "u0"."PlayersId" = "p"."Id"
      ) AS "s" ON "u1"."Id" = "s"."UsersId"
      ORDER BY "u1"."Id", "s"."PlayersId", "s"."UsersId"
info: Microsoft.EntityFrameworkCore.Database.Command[20101]
      Executed DbCommand (0ms) [Parameters=[], CommandType='Text', CommandTimeout='30']
      SELECT "p"."Id", "p"."BirthDate", "p"."FirstName", "p"."LastName", "p"."OwnerAdminId", "p"."PhotoPath", "p"."Position", "p"."PreferredNumber"
      FROM "Players" AS "p"
      ORDER BY "p"."FirstName"
info: Microsoft.EntityFrameworkCore.Database.Command[20101]
      Executed DbCommand (0ms) [Parameters=[@__playerIds_0='?' (Size = 3)], CommandType='Text', CommandTimeout='30']
      SELECT "p"."Id", "p"."ClubId", "p"."EndDate", "p"."PlayerId", "p"."StartDate", "c"."Id", "c"."LogoPath", "c"."Name"
      FROM "PlayerClubs" AS "p"
      INNER JOIN "Clubs" AS "c" ON "p"."ClubId" = "c"."Id"
      WHERE "p"."PlayerId" IN (
          SELECT "p0"."value"
          FROM json_each(@__playerIds_0) AS "p0"
      )
info: Microsoft.EntityFrameworkCore.Database.Command[20101]
      Executed DbCommand (0ms) [Parameters=[], CommandType='Text', CommandTimeout='30']
      SELECT "p"."Id", "p"."BirthDate", "p"."FirstName", "p"."LastName", "p"."OwnerAdminId", "p"."PhotoPath", "p"."Position", "p"."PreferredNumber"
      FROM "Players" AS "p"
      ORDER BY "p"."FirstName"
info: Microsoft.EntityFrameworkCore.Database.Command[20101]
      Executed DbCommand (0ms) [Parameters=[@__playerIds_0='?' (Size = 3)], CommandType='Text', CommandTimeout='30']
      SELECT "p"."Id", "p"."ClubId", "p"."EndDate", "p"."PlayerId", "p"."StartDate", "c"."Id", "c"."LogoPath", "c"."Name"
      FROM "PlayerClubs" AS "p"
      INNER JOIN "Clubs" AS "c" ON "p"."ClubId" = "c"."Id"
      WHERE "p"."PlayerId" IN (
          SELECT "p0"."value"
          FROM json_each(@__playerIds_0) AS "p0"
      )
info: Microsoft.EntityFrameworkCore.Database.Command[20101]
      Executed DbCommand (0ms) [Parameters=[@__username_0='?' (Size = 5)], CommandType='Text', CommandTimeout='30']
      SELECT "u1"."Id", "u1"."FirstName", "u1"."LastName", "u1"."PasswordHash", "u1"."Role", "u1"."Username", "s"."PlayersId", "s"."UsersId", "s"."Id", "s"."BirthDate", "s"."FirstName", "s"."LastName", "s"."OwnerAdminId", "s"."PhotoPath", "s"."Position", "s"."PreferredNumber"
      FROM (
          SELECT "u"."Id", "u"."FirstName", "u"."LastName", "u"."PasswordHash", "u"."Role", "u"."Username"
          FROM "Users" AS "u"
          WHERE "u"."Username" = @__username_0
          LIMIT 1
      ) AS "u1"
      LEFT JOIN (
          SELECT "u0"."PlayersId", "u0"."UsersId", "p"."Id", "p"."BirthDate", "p"."FirstName", "p"."LastName", "p"."OwnerAdminId", "p"."PhotoPath", "p"."Position", "p"."PreferredNumber"
          FROM "UserPlayers" AS "u0"
          INNER JOIN "Players" AS "p" ON "u0"."PlayersId" = "p"."Id"
      ) AS "s" ON "u1"."Id" = "s"."UsersId"
      ORDER BY "u1"."Id", "s"."PlayersId", "s"."UsersId"
info: Microsoft.EntityFrameworkCore.Database.Command[20101]
      Executed DbCommand (0ms) [Parameters=[], CommandType='Text', CommandTimeout='30']
      SELECT "c"."Id", "c"."LogoPath", "c"."Name"
      FROM "Clubs" AS "c"
      ORDER BY "c"."Name"
info: Microsoft.EntityFrameworkCore.Database.Command[20101]
      Executed DbCommand (0ms) [Parameters=[], CommandType='Text', CommandTimeout='30']
      SELECT "p"."ClubId", COUNT(DISTINCT ("p"."PlayerId")) AS "Count"
      FROM "PlayerClubs" AS "p"
      GROUP BY "p"."ClubId"
info: Microsoft.EntityFrameworkCore.Database.Command[20101]
      Executed DbCommand (0ms) [Parameters=[], CommandType='Text', CommandTimeout='30']
      SELECT "c"."Id", "c"."LogoPath", "c"."Name"
      FROM "Clubs" AS "c"
      ORDER BY "c"."Name"
info: Microsoft.EntityFrameworkCore.Database.Command[20101]
      Executed DbCommand (0ms) [Parameters=[], CommandType='Text', CommandTimeout='30']
      SELECT "p"."ClubId", COUNT(DISTINCT ("p"."PlayerId")) AS "Count"
      FROM "PlayerClubs" AS "p"
      GROUP BY "p"."ClubId"
info: Microsoft.EntityFrameworkCore.Database.Command[20101]
      Executed DbCommand (0ms) [Parameters=[@__username_0='?' (Size = 5)], CommandType='Text', CommandTimeout='30']
      SELECT "u1"."Id", "u1"."FirstName", "u1"."LastName", "u1"."PasswordHash", "u1"."Role", "u1"."Username", "s"."PlayersId", "s"."UsersId", "s"."Id", "s"."BirthDate", "s"."FirstName", "s"."LastName", "s"."OwnerAdminId", "s"."PhotoPath", "s"."Position", "s"."PreferredNumber"
      FROM (
          SELECT "u"."Id", "u"."FirstName", "u"."LastName", "u"."PasswordHash", "u"."Role", "u"."Username"
          FROM "Users" AS "u"
          WHERE "u"."Username" = @__username_0
          LIMIT 1
      ) AS "u1"
      LEFT JOIN (
          SELECT "u0"."PlayersId", "u0"."UsersId", "p"."Id", "p"."BirthDate", "p"."FirstName", "p"."LastName", "p"."OwnerAdminId", "p"."PhotoPath", "p"."Position", "p"."PreferredNumber"
          FROM "UserPlayers" AS "u0"
          INNER JOIN "Players" AS "p" ON "u0"."PlayersId" = "p"."Id"
      ) AS "s" ON "u1"."Id" = "s"."UsersId"
      ORDER BY "u1"."Id", "s"."PlayersId", "s"."UsersId"
info: Microsoft.EntityFrameworkCore.Database.Command[20101]
      Executed DbCommand (0ms) [Parameters=[], CommandType='Text', CommandTimeout='30']
      SELECT "u"."Id", "u"."FirstName", "u"."LastName", "u"."PasswordHash", "u"."Role", "u"."Username"
      FROM "Users" AS "u"
      WHERE "u"."Role" = 0
      ORDER BY "u"."FirstName"
info: Microsoft.EntityFrameworkCore.Database.Command[20101]
      Executed DbCommand (0ms) [Parameters=[], CommandType='Text', CommandTimeout='30']
      SELECT "u"."Id", "u"."FirstName", "u"."LastName", "u"."PasswordHash", "u"."Role", "u"."Username"
      FROM "Users" AS "u"
      WHERE "u"."Role" = 0
      ORDER BY "u"."FirstName"
info: Microsoft.EntityFrameworkCore.Database.Command[20101]
      Executed DbCommand (0ms) [Parameters=[], CommandType='Text', CommandTimeout='30']
      SELECT "p"."OwnerAdminId" AS "AdminId", COUNT(*) AS "Count"
      FROM "Players" AS "p"
      WHERE "p"."OwnerAdminId" IS NOT NULL
      GROUP BY "p"."OwnerAdminId"
